Component: ARM Compiler 5.06 update 4 (build 422) Tool: armlink [4d35d2]

==============================================================================

Section Cross References

    main.o(i.Device_Init) refers to fflti.o(.text) for __aeabi_ui2f
    main.o(i.Device_Init) refers to fdiv.o(.text) for __aeabi_fdiv
    main.o(i.Device_Init) refers to fmul.o(x$fpl$fmul) for __aeabi_fmul
    main.o(i.Device_Init) refers to ffixui.o(.text) for __aeabi_f2uiz
    main.o(i.Device_Init) refers to main.o(i.__NVIC_SetPriority) for __NVIC_SetPriority
    main.o(i.Device_Init) refers to can.o(i.CAN_reset) for CAN_reset
    main.o(i.Device_Init) refers to can.o(i.CAN_init) for CAN_init
    main.o(i.Device_Init) refers to adc.o(i.ADCInit) for ADCInit
    main.o(i.Device_Init) refers to at24c16.o(i.i2c_app_init) for i2c_app_init
    main.o(i.Device_Init) refers to chip_11xx.o(.data) for SystemCoreClock
    main.o(i.Device_Init) refers to main.o(.bss) for msg_obj
    main.o(i.SysTick_Handler) refers to _printf_percent.o(.ARM.Collect$$_printf_percent$$00000000) for _printf_percent
    main.o(i.SysTick_Handler) refers to _printf_d.o(.ARM.Collect$$_printf_percent$$00000009) for _printf_d
    main.o(i.SysTick_Handler) refers to _printf_x.o(.ARM.Collect$$_printf_percent$$0000000C) for _printf_x
    main.o(i.SysTick_Handler) refers to _printf_dec.o(.text) for _printf_int_dec
    main.o(i.SysTick_Handler) refers to _printf_hex_int.o(.text) for _printf_longlong_hex
    main.o(i.SysTick_Handler) refers to noretval__2printf.o(.text) for __2printf
    main.o(i.SysTick_Handler) refers to speak.o(i.Mute_ON) for Mute_ON
    main.o(i.SysTick_Handler) refers to speak.o(i.Led_OFF) for Led_OFF
    main.o(i.SysTick_Handler) refers to main.o(.data) for is_YY_Alive
    main.o(i.SysTick_Handler) refers to can.o(.data) for can_send_flag
    main.o(i.SysTick_Handler) refers to main.o(.conststring) for .conststring
    main.o(i.SysTick_Handler) refers to watchdog.o(.data) for watchdog_feed_flag
    main.o(i.main) refers to _printf_percent.o(.ARM.Collect$$_printf_percent$$00000000) for _printf_percent
    main.o(i.main) refers to _printf_d.o(.ARM.Collect$$_printf_percent$$00000009) for _printf_d
    main.o(i.main) refers to _printf_dec.o(.text) for _printf_int_dec
    main.o(i.main) refers to chip_11xx.o(i.SystemCoreClockUpdate) for SystemCoreClockUpdate
    main.o(i.main) refers to bspiapdriver.o(i.ReadUID) for ReadUID
    main.o(i.main) refers to board.o(i.Board_Init) for Board_Init
    main.o(i.main) refers to gpio_11xx_2.o(i.Chip_GPIO_Init) for Chip_GPIO_Init
    main.o(i.main) refers to dataio.o(i.Gpio_Init) for Gpio_Init
    main.o(i.main) refers to main.o(i.Device_Init) for Device_Init
    main.o(i.main) refers to at24c16.o(i.AT24C16_ReadOneByte) for AT24C16_ReadOneByte
    main.o(i.main) refers to at24c16.o(i.AT24C16_WriteOneByte) for AT24C16_WriteOneByte
    main.o(i.main) refers to dataio.o(i.JDQ_State_Close) for JDQ_State_Close
    main.o(i.main) refers to speak.o(i.SBoard_Init) for SBoard_Init
    main.o(i.main) refers to t16b0.o(i.TIM16B0_INT_init) for TIM16B0_INT_init
    main.o(i.main) refers to speak.o(i.Mute_ON) for Mute_ON
    main.o(i.main) refers to at24c16.o(i.AT24C16_Check) for AT24C16_Check
    main.o(i.main) refers to noretval__2printf.o(.text) for __2printf
    main.o(i.main) refers to dataio.o(i.D18V_State) for D18V_State
    main.o(i.main) refers to fflti.o(.text) for __aeabi_ui2f
    main.o(i.main) refers to fdiv.o(.text) for __aeabi_fdiv
    main.o(i.main) refers to f2d.o(.text) for __aeabi_f2d
    main.o(i.main) refers to dmul.o(.text) for __aeabi_dmul
    main.o(i.main) refers to drlef.o(x$fpl$drleqf) for __aeabi_cdrcmple
    main.o(i.main) refers to main.o(i.Chip_GPIO_GetPinState) for Chip_GPIO_GetPinState
    main.o(i.main) refers to can.o(i.can_send) for can_send
    main.o(i.main) refers to can.o(.data) for reset_flag
    main.o(i.main) refers to main.o(.data) for reset_flag1
    main.o(i.main) refers to bspiapdriver.o(.data) for IAP_Entry
    main.o(i.main) refers to t16b0.o(.data) for flag_1000ms
    main.o(i.main) refers to adc.o(.data) for ADC_IRQ_Value_final
    main.o(i.main) refers to watchdog.o(.data) for watchdog_feed_flag
    main.o(i.main) refers to speak.o(i.Get_Key1) for Get_Key1
    main.o(i.main) refers to speak.o(i.Get_Key2) for Get_Key2
    main.o(i.main) refers to speak.o(i.Sine_Close) for Sine_Close
    main.o(i.main) refers to aeabi_sdiv.o(.text) for __aeabi_idivmod
    main.o(i.main) refers to can.o(.bss) for mod_flag
    main.o(i.main) refers to ambe.o(i.AMBESetSine) for AMBESetSine
    main.o(i.main) refers to speak.o(i.Led_OFF) for Led_OFF
    main.o(i.main) refers to ambe.o(i.AMBEWrData) for AMBEWrData
    main.o(i.main) refers to speak.o(i.Mute_OFF) for Mute_OFF
    main.o(i.main) refers to speak.o(i.Led_ON) for Led_ON
    main.o(i.main) refers to ambe.o(i.AMBEGetRdStatus) for AMBEGetRdStatus
    main.o(i.main) refers to ambe.o(i.AMBERdData) for AMBERdData
[...]
    ../clib/printf_percent.s                 0x00000000   Number         0  _printf_percent_end.o ABSOLUTE
    ../clib/printf_percent.s                 0x00000000   Number         0  _printf_x.o ABSOLUTE
    ../clib/signal.c                         0x00000000   Number         0  defsig_rtmem_inner.o ABSOLUTE
    ../clib/signal.c                         0x00000000   Number         0  defsig_rtmem_outer.o ABSOLUTE
    ../clib/signal.c                         0x00000000   Number         0  defsig_rtmem_formal.o ABSOLUTE
    ../clib/signal.c                         0x00000000   Number         0  defsig_stak_inner.o ABSOLUTE
    ../clib/signal.c                         0x00000000   Number         0  defsig_pvfn_inner.o ABSOLUTE
    ../clib/signal.c                         0x00000000   Number         0  defsig_cppl_inner.o ABSOLUTE
    ../clib/signal.c                         0x00000000   Number         0  defsig_fpe_formal.o ABSOLUTE
    ../clib/signal.c                         0x00000000   Number         0  defsig_fpe_outer.o ABSOLUTE
    ../clib/signal.c                         0x00000000   Number         0  defsig_segv_inner.o ABSOLUTE
    ../clib/signal.c                         0x00000000   Number         0  defsig_other.o ABSOLUTE
    ../clib/signal.c                         0x00000000   Number         0  defsig_fpe_inner.o ABSOLUTE
    ../clib/signal.c                         0x00000000   Number         0  defsig_exit.o ABSOLUTE
    ../clib/signal.c                         0x00000000   Number         0  __raise.o ABSOLUTE
    ../clib/signal.c                         0x00000000   Number         0  defsig_general.o ABSOLUTE
    ../clib/signal.c                         0x00000000   Number         0  defsig_abrt_inner.o ABSOLUTE
    ../clib/signal.c                         0x00000000   Number         0  defsig_rtred_inner.o ABSOLUTE
    ../clib/signal.s                         0x00000000   Number         0  defsig.o ABSOLUTE
    ../clib/stdlib.c                         0x00000000   Number         0  exit.o ABSOLUTE
    ../fplib/cfplib/cmpret.c                 0x00000000   Number         0  cmpret.o ABSOLUTE
    ../fplib/cfplib/dcmpin.c                 0x00000000   Number         0  dcmpin.o ABSOLUTE
    ../fplib/cfplib/dmul.c                   0x00000000   Number         0  dmul.o ABSOLUTE
    ../fplib/cfplib/f2d.c                    0x00000000   Number         0  f2d.o ABSOLUTE
    ../fplib/cfplib/fdiv.c                   0x00000000   Number         0  fdiv.o ABSOLUTE
    ../fplib/cfplib/ffix.c                   0x00000000   Number         0  ffixui.o ABSOLUTE
    ../fplib/cfplib/fflt.c                   0x00000000   Number         0  fflti.o ABSOLUTE
    ../fplib/cfplib/fpinit.c                 0x00000000   Number         0  fpinit.o ABSOLUTE
    ../fplib/cfplib/nan2.c                   0x00000000   Number         0  dnan2.o ABSOLUTE
    ../fplib/cfplib/retnan.c                 0x00000000   Number         0  retnan.o ABSOLUTE
    ../fplib/drleqf6m.s                      0x00000000   Number         0  drlef.o ABSOLUTE
    ../fplib/fmul6m.s                        0x00000000   Number         0  fmul.o ABSOLUTE
    ../fplib/usenofp.s                       0x00000000   Number         0  usenofp.o ABSOLUTE
    ..\\src\\device\\AT24C16.c               0x00000000   Number         0  at24c16.o ABSOLUTE
    ..\\src\\device\\adc.c                   0x00000000   Number         0  adc.o ABSOLUTE
    ..\\src\\device\\ambe.c                  0x00000000   Number         0  ambe.o ABSOLUTE
    ..\\src\\device\\can.c                   0x00000000   Number         0  can.o ABSOLUTE
    ..\\src\\device\\dataio.c                0x00000000   Number         0  dataio.o ABSOLUTE
    ..\\src\\device\\speak.c                 0x00000000   Number         0  speak.o ABSOLUTE
    ..\\src\\device\\t16b0.c                 0x00000000   Number         0  t16b0.o ABSOLUTE
    ..\\src\\device\\watchDog.c              0x00000000   Number         0  watchdog.o ABSOLUTE
    ..\\src\\startup_code\\keil_startup_lpc11xx.s 0x00000000   Number         0  keil_startup_lpc11xx.o ABSOLUTE
    ..\\src\\startup_code\\sysinit.c         0x00000000   Number         0  sysinit.o ABSOLUTE
    ..\\src\\user_application\\main.c        0x00000000   Number         0  main.o ABSOLUTE
    ..\chip_common\ring_buffer.c             0x00000000   Number         0  ring_buffer.o ABSOLUTE
    ..\src\device\AT24C16.c                  0x00000000   Number         0  at24c16.o ABSOLUTE
    ..\src\device\BspIapDriver.c             0x00000000   Number         0  bspiapdriver.o ABSOLUTE
    ..\src\device\adc.c                      0x00000000   Number         0  adc.o ABSOLUTE
    ..\src\device\ambe.c                     0x00000000   Number         0  ambe.o ABSOLUTE
    ..\src\device\can.c                      0x00000000   Number         0  can.o ABSOLUTE
    ..\src\device\dataio.c                   0x00000000   Number         0  dataio.o ABSOLUTE
    ..\src\device\speak.c                    0x00000000   Number         0  speak.o ABSOLUTE
    ..\src\device\t16b0.c                    0x00000000   Number         0  t16b0.o ABSOLUTE
    ..\src\device\watchDog.c                 0x00000000   Number         0  watchdog.o ABSOLUTE
    ..\src\startup_code\sysinit.c            0x00000000   Number         0  sysinit.o ABSOLUTE
    ..\src\user_application\main.c           0x00000000   Number         0  main.o ABSOLUTE
    ..\src\user_system\system.c              0x00000000   Number         0  system.o ABSOLUTE
    board.c                                  0x00000000   Number         0  board.o ABSOLUTE
    board.c                                  0x00000000   Number         0  board.o ABSOLUTE
    board_sysinit.c                          0x00000000   Number         0  board_sysinit.o ABSOLUTE
    board_sysinit.c                          0x00000000   Number         0  board_sysinit.o ABSOLUTE
    chip_11xx.c                              0x00000000   Number         0  chip_11xx.o ABSOLUTE
    chip_11xx.c                              0x00000000   Number         0  chip_11xx.o ABSOLUTE
    clock_11xx.c                             0x00000000   Number         0  clock_11xx.o ABSOLUTE
    clock_11xx.c                             0x00000000   Number         0  clock_11xx.o ABSOLUTE
    dc.s                                     0x00000000   Number         0  dc.o ABSOLUTE
    gpio_11xx_2.c                            0x00000000   Number         0  gpio_11xx_2.o ABSOLUTE
    gpio_11xx_2.c                            0x00000000   Number         0  gpio_11xx_2.o ABSOLUTE
    i2c_11xx.c                               0x00000000   Number         0  i2c_11xx.o ABSOLUTE
    i2c_11xx.c                               0x00000000   Number         0  i2c_11xx.o ABSOLUTE
    sysctl_11xx.c                            0x00000000   Number         0  sysctl_11xx.o ABSOLUTE
    sysctl_11xx.c                            0x00000000   Number         0  sysctl_11xx.o ABSOLUTE
    uart_11xx.c                              0x00000000   Number         0  uart_11xx.o ABSOLUTE
    uart_11xx.c                              0x00000000   Number         0  uart_11xx.o ABSOLUTE
    wwdt_11xx.c                              0x00000000   Number         0  wwdt_11xx.o ABSOLUTE
    wwdt_11xx.c                              0x00000000   Number         0  wwdt_11xx.o ABSOLUTE
    RESET                                    0x00002000   Section      192  keil_startup_lpc11xx.o(RESET)
    !!!main                                  0x000020c0   Section        8  __main.o(!!!main)
    !!!scatter                               0x000020c8   Section       60  __scatter.o(!!!scatter)
    !!handler_copy                           0x00002104   Section       26  __scatter_copy.o(!!handler_copy)
    !!handler_zi                             0x00002120   Section       28  __scatter_zi.o(!!handler_zi)
    .ARM.Collect$$_printf_percent$$00000000  0x0000213c   Section        2  _printf_percent.o(.ARM.Collect$$_printf_percent$$00000000)
    .ARM.Collect$$_printf_percent$$00000009  0x0000213e   Section       10  _printf_d.o(.ARM.Collect$$_printf_percent$$00000009)
    .ARM.Collect$$_printf_percent$$0000000C  0x00002148   Section       10  _printf_x.o(.ARM.Collect$$_printf_percent$$0000000C)
    .ARM.Collect$$_printf_percent$$00000017  0x00002152   Section        4  _printf_percent_end.o(.ARM.Collect$$_printf_percent$$00000017)
    .ARM.Collect$$libinit$$00000000          0x00002156   Section        2  libinit.o(.ARM.Collect$$libinit$$00000000)
    .ARM.Collect$$libinit$$00000002          0x00002158   Section        0  libinit2.o(.ARM.Collect$$libinit$$00000002)
    .ARM.Collect$$libinit$$00000004          0x00002158   Section        0  libinit2.o(.ARM.Collect$$libinit$$00000004)
    .ARM.Collect$$libinit$$0000000A          0x00002158   Section        0  libinit2.o(.ARM.Collect$$libinit$$0000000A)
    .ARM.Collect$$libinit$$0000000C          0x00002158   Section        0  libinit2.o(.ARM.Collect$$libinit$$0000000C)
    .ARM.Collect$$libinit$$0000000E          0x00002158   Section        0  libinit2.o(.ARM.Collect$$libinit$$0000000E)
    .ARM.Collect$$libinit$$00000011          0x00002158   Section        0  libinit2.o(.ARM.Collect$$libinit$$00000011)
    .ARM.Collect$$libinit$$00000013          0x00002158   Section        0  libinit2.o(.ARM.Collect$$libinit$$00000013)
    .ARM.Collect$$libinit$$00000015          0x00002158   Section        0  libinit2.o(.ARM.Collect$$libinit$$00000015)
    .ARM.Collect$$libinit$$00000017          0x00002158   Section        0  libinit2.o(.ARM.Collect$$libinit$$00000017)
    .ARM.Collect$$libinit$$00000019          0x00002158   Section        0  libinit2.o(.ARM.Collect$$libinit$$00000019)
    .ARM.Collect$$libinit$$0000001B          0x00002158   Section        0  libinit2.o(.ARM.Collect$$libinit$$0000001B)
    .ARM.Collect$$libinit$$0000001D          0x00002158   Section        0  libinit2.o(.ARM.Collect$$libinit$$0000001D)
    .ARM.Collect$$libinit$$0000001F          0x00002158   Section        0  libinit2.o(.ARM.Collect$$libinit$$0000001F)
    .ARM.Collect$$libinit$$00000021          0x00002158   Section        0  libinit2.o(.ARM.Collect$$libinit$$00000021)
    .ARM.Collect$$libinit$$00000023          0x00002158   Section        0  libinit2.o(.ARM.Collect$$libinit$$00000023)
    .ARM.Collect$$libinit$$00000025          0x00002158   Section        0  libinit2.o(.ARM.Collect$$libinit$$00000025)
    .ARM.Collect$$libinit$$0000002C          0x00002158   Section        0  libinit2.o(.ARM.Collect$$libinit$$0000002C)
    .ARM.Collect$$libinit$$0000002E          0x00002158   Section        0  libinit2.o(.ARM.Collect$$libinit$$0000002E)
    .ARM.Collect$$libinit$$00000030          0x00002158   Section        0  libinit2.o(.ARM.Collect$$libinit$$00000030)
    .ARM.Collect$$libinit$$00000032          0x00002158   Section        0  libinit2.o(.ARM.Collect$$libinit$$00000032)
    .ARM.Collect$$libinit$$00000033          0x00002158   Section        2  libinit2.o(.ARM.Collect$$libinit$$00000033)
    .ARM.Collect$$libshutdown$$00000000      0x0000215a   Section        2  libshutdown.o(.ARM.Collect$$libshutdown$$00000000)
    .ARM.Collect$$libshutdown$$00000002      0x0000215c   Section        0  libshutdown2.o(.ARM.Collect$$libshutdown$$00000002)
    .ARM.Collect$$libshutdown$$00000004      0x0000215c   Section        0  libshutdown2.o(.ARM.Collect$$libshutdown$$00000004)
    .ARM.Collect$$libshutdown$$00000007      0x0000215c   Section        0  libshutdown2.o(.ARM.Collect$$libshutdown$$00000007)
    .ARM.Collect$$libshutdown$$0000000A      0x0000215c   Section        0  libshutdown2.o(.ARM.Collect$$libshutdown$$0000000A)
    .ARM.Collect$$libshutdown$$0000000C      0x0000215c   Section        0  libshutdown2.o(.ARM.Collect$$libshutdown$$0000000C)
    .ARM.Collect$$libshutdown$$0000000F      0x0000215c   Section        0  libshutdown2.o(.ARM.Collect$$libshutdown$$0000000F)
    .ARM.Collect$$libshutdown$$00000010      0x0000215c   Section        2  libshutdown2.o(.ARM.Collect$$libshutdown$$00000010)
    .ARM.Collect$$rtentry$$00000000          0x0000215e   Section        0  __rtentry.o(.ARM.Collect$$rtentry$$00000000)
    .ARM.Collect$$rtentry$$00000002          0x0000215e   Section        0  __rtentry2.o(.ARM.Collect$$rtentry$$00000002)
    .ARM.Collect$$rtentry$$00000004          0x0000215e   Section        6  __rtentry4.o(.ARM.Collect$$rtentry$$00000004)
    .ARM.Collect$$rtentry$$00000009          0x00002164   Section        0  __rtentry2.o(.ARM.Collect$$rtentry$$00000009)
    .ARM.Collect$$rtentry$$0000000A          0x00002164   Section        4  __rtentry2.o(.ARM.Collect$$rtentry$$0000000A)
    .ARM.Collect$$rtentry$$0000000C          0x00002168   Section        0  __rtentry2.o(.ARM.Collect$$rtentry$$0000000C)
    .ARM.Collect$$rtentry$$0000000D          0x00002168   Section        8  __rtentry2.o(.ARM.Collect$$rtentry$$0000000D)
    .ARM.Collect$$rtexit$$00000000           0x00002170   Section        2  rtexit.o(.ARM.Collect$$rtexit$$00000000)
    .ARM.Collect$$rtexit$$00000002           0x00002172   Section        0  rtexit2.o(.ARM.Collect$$rtexit$$00000002)
    .ARM.Collect$$rtexit$$00000003           0x00002172   Section        4  rtexit2.o(.ARM.Collect$$rtexit$$00000003)
    .ARM.Collect$$rtexit$$00000004           0x00002176   Section        6  rtexit2.o(.ARM.Collect$$rtexit$$00000004)
    .emb_text                                0x0000217c   Section       56  rt_memcpy.o(.emb_text)
    .text                                    0x000021b4   Section       68  keil_startup_lpc11xx.o(.text)
    .text                                    0x000021f8   Section        0  noretval__2printf.o(.text)
    .text                                    0x00002214   Section        0  __printf.o(.text)
    .text                                    0x00002280   Section        0  _printf_dec.o(.text)
    .text                                    0x000022ec   Section        0  _printf_hex_int.o(.text)
    .text                                    0x00002344   Section      346  aeabi_sdiv.o(.text)
    .text                                    0x0000249e   Section        0  heapauxi.o(.text)
    .text                                    0x000024a4   Section        0  dmul.o(.text)
    .text                                    0x000026ec   Section        0  f2d.o(.text)
    .text                                    0x00002740   Section        0  fdiv.o(.text)
    .text                                    0x000028a0   Section        0  ffixui.o(.text)
    .text                                    0x000028d0   Section        0  fflti.o(.text)
    .text                                    0x0000292e   Section        0  _printf_intcommon.o(.text)
    .text                                    0x000029e0   Section        0  _printf_char_file.o(.text)
    .text                                    0x00002a08   Section        0  rtudiv10.o(.text)
    .text                                    0x00002a30   Section        0  dcmpin.o(.text)
    .text                                    0x00002ac0   Section        0  _printf_char_common.o(.text)
    _printf_input_char                       0x00002ac1   Thumb Code    10  _printf_char_common.o(.text)
    .text                                    0x00002af0   Section        0  cmpret.o(.text)
    .text                                    0x00002b20   Section        0  dnan2.o(.text)
    .text                                    0x00002b34   Section       62  sys_stackheap_outer.o(.text)
    .text                                    0x00002b72   Section        0  exit.o(.text)
    .text                                    0x00002b82   Section        0  retnan.o(.text)
    .text                                    0x00002be0   Section        8  libspace.o(.text)
    i.ADCInit                                0x00002be8   Section        0  adc.o(i.ADCInit)
    i.ADC_IRQHandler                         0x00002cf4   Section        0  adc.o(i.ADC_IRQHandler)
    i.AMBEGetRdStatus                        0x00002d30   Section        0  ambe.o(i.AMBEGetRdStatus)
    i.AMBEGetWrStatus                        0x00002d40   Section        0  ambe.o(i.AMBEGetWrStatus)
    i.AMBEInit                               0x00002d50   Section        0  ambe.o(i.AMBEInit)
    i.AMBERdData                             0x00002d84   Section        0  ambe.o(i.AMBERdData)
    i.AMBEReset                              0x00002dc8   Section        0  ambe.o(i.AMBEReset)
    i.AMBESetGain                            0x00002e18   Section        0  ambe.o(i.AMBESetGain)
    i.AMBESetSine                            0x00002e7c   Section        0  ambe.o(i.AMBESetSine)
    i.AMBEWrData                             0x00002ee4   Section        0  ambe.o(i.AMBEWrData)
    i.AT24C16_Check                          0x00002f68   Section        0  at24c16.o(i.AT24C16_Check)
    i.AT24C16_ReadOneByte                    0x00002fd8   Section        0  at24c16.o(i.AT24C16_ReadOneByte)
    i.AT24C16_WriteOneByte                   0x00003022   Section        0  at24c16.o(i.AT24C16_WriteOneByte)
    i.Board_Debug_Init                       0x00003064   Section        0  board.o(i.Board_Debug_Init)
    i.Board_Init                             0x0000309c   Section        0  board.o(i.Board_Init)
    i.Board_SystemInit                       0x000030bc   Section        0  board_sysinit.o(i.Board_SystemInit)
    i.Board_UARTPutChar                      0x000030f4   Section        0  board.o(i.Board_UARTPutChar)
    i.CANSend_AMBESetSine                    0x00003108   Section        0  can.o(i.CANSend_AMBESetSine)
    i.CAN_IRQHandler                         0x0000316c   Section        0  can.o(i.CAN_IRQHandler)
    i.CAN_error                              0x00003180   Section        0  can.o(i.CAN_error)
    i.CAN_init                               0x000031c4   Section        0  can.o(i.CAN_init)
    i.CAN_reset                              0x00003294   Section        0  can.o(i.CAN_reset)
    i.CAN_rx                                 0x000032f0   Section        0  can.o(i.CAN_rx)
    i.CAN_tx                                 0x00003328   Section        0  can.o(i.CAN_tx)
    i.CRC32                                  0x00003334   Section        0  bspiapdriver.o(i.CRC32)
    i.Chip_Clock_GetMainClockRate            0x00003380   Section        0  clock_11xx.o(i.Chip_Clock_GetMainClockRate)
    i.Chip_Clock_GetSystemClockRate          0x000033b8   Section        0  clock_11xx.o(i.Chip_Clock_GetSystemClockRate)
    i.Chip_Clock_GetSystemPLLInClockRate     0x000033cc   Section        0  clock_11xx.o(i.Chip_Clock_GetSystemPLLInClockRate)
    i.Chip_Clock_GetSystemPLLOutClockRate    0x000033f4   Section        0  clock_11xx.o(i.Chip_Clock_GetSystemPLLOutClockRate)
    i.Chip_Clock_GetWDTOSCRate               0x0000340c   Section        0  clock_11xx.o(i.Chip_Clock_GetWDTOSCRate)
    i.Chip_Clock_SetMainClockSource          0x00003430   Section        0  clock_11xx.o(i.Chip_Clock_SetMainClockSource)
    i.Chip_Clock_SetSystemPLLSource          0x00003444   Section        0  clock_11xx.o(i.Chip_Clock_SetSystemPLLSource)
    i.Chip_GPIO_GetPinState                  0x00003458   Section        0  main.o(i.Chip_GPIO_GetPinState)
    Chip_GPIO_GetPinState                    0x00003459   Thumb Code    28  main.o(i.Chip_GPIO_GetPinState)
    i.Chip_GPIO_GetPinState                  0x00003474   Section        0  ambe.o(i.Chip_GPIO_GetPinState)
    Chip_GPIO_GetPinState                    0x00003475   Thumb Code    28  ambe.o(i.Chip_GPIO_GetPinState)
    i.Chip_GPIO_GetPinState                  0x00003490   Section        0  speak.o(i.Chip_GPIO_GetPinState)
    Chip_GPIO_GetPinState                    0x00003491   Thumb Code    28  speak.o(i.Chip_GPIO_GetPinState)
    i.Chip_GPIO_GetPinState                  0x000034ac   Section        0  dataio.o(i.Chip_GPIO_GetPinState)
    Chip_GPIO_GetPinState                    0x000034ad   Thumb Code    28  dataio.o(i.Chip_GPIO_GetPinState)
    i.Chip_GPIO_Init                         0x000034c8   Section        0  gpio_11xx_2.o(i.Chip_GPIO_Init)
    i.Chip_GPIO_SetPinDIRInput               0x000034d8   Section        0  ambe.o(i.Chip_GPIO_SetPinDIRInput)
    Chip_GPIO_SetPinDIRInput                 0x000034d9   Thumb Code    34  ambe.o(i.Chip_GPIO_SetPinDIRInput)
    i.Chip_GPIO_SetPinDIRInput               0x000034fa   Section        0  speak.o(i.Chip_GPIO_SetPinDIRInput)
    Chip_GPIO_SetPinDIRInput                 0x000034fb   Thumb Code    34  speak.o(i.Chip_GPIO_SetPinDIRInput)
    i.Chip_GPIO_SetPinDIRInput               0x0000351c   Section        0  dataio.o(i.Chip_GPIO_SetPinDIRInput)
    Chip_GPIO_SetPinDIRInput                 0x0000351d   Thumb Code    34  dataio.o(i.Chip_GPIO_SetPinDIRInput)
    i.Chip_GPIO_SetPinDIROutput              0x0000353e   Section        0  ambe.o(i.Chip_GPIO_SetPinDIROutput)
    Chip_GPIO_SetPinDIROutput                0x0000353f   Thumb Code    34  ambe.o(i.Chip_GPIO_SetPinDIROutput)
    i.Chip_GPIO_SetPinDIROutput              0x00003560   Section        0  speak.o(i.Chip_GPIO_SetPinDIROutput)
    Chip_GPIO_SetPinDIROutput                0x00003561   Thumb Code    34  speak.o(i.Chip_GPIO_SetPinDIROutput)
    i.Chip_GPIO_SetPinDIROutput              0x00003582   Section        0  dataio.o(i.Chip_GPIO_SetPinDIROutput)
    Chip_GPIO_SetPinDIROutput                0x00003583   Thumb Code    34  dataio.o(i.Chip_GPIO_SetPinDIROutput)
    i.Chip_GPIO_SetPinState                  0x000035a4   Section        0  ambe.o(i.Chip_GPIO_SetPinState)
    Chip_GPIO_SetPinState                    0x000035a5   Thumb Code    20  ambe.o(i.Chip_GPIO_SetPinState)
    i.Chip_GPIO_SetPinState                  0x000035b8   Section        0  speak.o(i.Chip_GPIO_SetPinState)
    Chip_GPIO_SetPinState                    0x000035b9   Thumb Code    20  speak.o(i.Chip_GPIO_SetPinState)
    i.Chip_GPIO_SetPinState                  0x000035cc   Section        0  dataio.o(i.Chip_GPIO_SetPinState)
    Chip_GPIO_SetPinState                    0x000035cd   Thumb Code    20  dataio.o(i.Chip_GPIO_SetPinState)
    i.Chip_I2C_EventHandler                  0x000035e0   Section        0  i2c_11xx.o(i.Chip_I2C_EventHandler)
    i.Chip_I2C_Init                          0x000035fc   Section        0  i2c_11xx.o(i.Chip_I2C_Init)
    i.Chip_I2C_SetClockRate                  0x00003624   Section        0  i2c_11xx.o(i.Chip_I2C_SetClockRate)
    i.Chip_IOCON_PinMuxSet                   0x00003650   Section        0  ambe.o(i.Chip_IOCON_PinMuxSet)
    Chip_IOCON_PinMuxSet                     0x00003651   Thumb Code     6  ambe.o(i.Chip_IOCON_PinMuxSet)
    i.Chip_IOCON_PinMuxSet                   0x00003656   Section        0  speak.o(i.Chip_IOCON_PinMuxSet)
    Chip_IOCON_PinMuxSet                     0x00003657   Thumb Code     6  speak.o(i.Chip_IOCON_PinMuxSet)
    i.Chip_IOCON_PinMuxSet                   0x0000365c   Section        0  at24c16.o(i.Chip_IOCON_PinMuxSet)
    Chip_IOCON_PinMuxSet                     0x0000365d   Thumb Code     6  at24c16.o(i.Chip_IOCON_PinMuxSet)
    i.Chip_SYSCTL_PowerDown                  0x00003664   Section        0  sysctl_11xx.o(i.Chip_SYSCTL_PowerDown)
    i.Chip_SYSCTL_PowerUp                    0x0000367c   Section        0  sysctl_11xx.o(i.Chip_SYSCTL_PowerUp)
    i.Chip_UART_Init                         0x00003694   Section        0  uart_11xx.o(i.Chip_UART_Init)
    i.Chip_UART_Send                         0x000036b8   Section        0  uart_11xx.o(i.Chip_UART_Send)
    i.Chip_UART_SendBlocking                 0x000036d4   Section        0  uart_11xx.o(i.Chip_UART_SendBlocking)
    i.Chip_UART_SetBaud                      0x000036f8   Section        0  uart_11xx.o(i.Chip_UART_SetBaud)
    i.D18V_State                             0x00003730   Section        0  dataio.o(i.D18V_State)
    i.Delay                                  0x000037d4   Section        0  ambe.o(i.Delay)
    i.Device_Init                            0x000037fc   Section        0  main.o(i.Device_Init)
    i.Get_Key1                               0x00003890   Section        0  speak.o(i.Get_Key1)
    i.Get_Key2                               0x000038aa   Section        0  speak.o(i.Get_Key2)
    i.Gpio_Init                              0x000038c4   Section        0  dataio.o(i.Gpio_Init)
    i.HardFault_Handler                      0x00003914   Section        0  main.o(i.HardFault_Handler)
    i.I2C_Recieve_Byte                       0x0000394c   Section        0  at24c16.o(i.I2C_Recieve_Byte)
    i.I2C_Send_Byte                          0x0000396a   Section        0  at24c16.o(i.I2C_Send_Byte)
    i.I2C_Send_Start                         0x00003988   Section        0  at24c16.o(i.I2C_Send_Start)
    i.I2C_Stop                               0x000039ae   Section        0  at24c16.o(i.I2C_Stop)
    i.Init_I2C_PinMux                        0x000039d4   Section        0  at24c16.o(i.Init_I2C_PinMux)
    i.JDQ_State_Close                        0x00003a1c   Section        0  dataio.o(i.JDQ_State_Close)
    i.JDQ_State_Open                         0x00003a38   Section        0  dataio.o(i.JDQ_State_Open)
    i.Led_OFF                                0x00003a54   Section        0  speak.o(i.Led_OFF)
    i.Led_ON                                 0x00003a66   Section        0  speak.o(i.Led_ON)
    i.Mute_OFF                               0x00003a78   Section        0  speak.o(i.Mute_OFF)
    i.Mute_ON                                0x00003a8a   Section        0  speak.o(i.Mute_ON)
    i.POWEROFF_State_Close                   0x00003a9c   Section        0  dataio.o(i.POWEROFF_State_Close)
    i.POWEROFF_State_Open                    0x00003aac   Section        0  dataio.o(i.POWEROFF_State_Open)
    i.ParalleGet                             0x00003abc   Section        0  ambe.o(i.ParalleGet)
    i.ParallelSet                            0x00003bbc   Section        0  ambe.o(i.ParallelSet)
    i.PinInit                                0x00003d48   Section        0  ambe.o(i.PinInit)
    i.ReadUID                                0x00003e68   Section        0  bspiapdriver.o(i.ReadUID)
    i.SBoard_Init                            0x00003e80   Section        0  speak.o(i.SBoard_Init)
    i.Set_Charge                             0x00003f44   Section        0  speak.o(i.Set_Charge)
    i.Set_Volume                             0x00003fb4   Section        0  speak.o(i.Set_Volume)
    i.Sine_Close                             0x00004024   Section        0  speak.o(i.Sine_Close)
    i.Sine_Open                              0x00004036   Section        0  speak.o(i.Sine_Open)
    i.SysTick_Handler                        0x0000404c   Section        0  main.o(i.SysTick_Handler)
    i.SystemCoreClockUpdate                  0x00004140   Section        0  chip_11xx.o(i.SystemCoreClockUpdate)
    i.SystemInit                             0x00004150   Section        0  sysinit.o(i.SystemInit)
    i.SystemSetupClocking                    0x00004158   Section        0  board_sysinit.o(i.SystemSetupClocking)
    SystemSetupClocking                      0x00004159   Thumb Code    82  board_sysinit.o(i.SystemSetupClocking)
    i.TIM16B0_INT_init                       0x000041b4   Section        0  t16b0.o(i.TIM16B0_INT_init)
    i.TIMER16_0_IRQHandler                   0x00004204   Section        0  t16b0.o(i.TIMER16_0_IRQHandler)
    i.UIdRead                                0x00004524   Section        0  bspiapdriver.o(i.UIdRead)
    i.__ARM_common_switch8                   0x00004548   Section        0  i2c_11xx.o(i.__ARM_common_switch8)
    i.__NVIC_SetPriority                     0x00004564   Section        0  main.o(i.__NVIC_SetPriority)
    __NVIC_SetPriority                       0x00004565   Thumb Code   110  main.o(i.__NVIC_SetPriority)
    i._sys_exit                              0x000045dc   Section        0  board.o(i._sys_exit)
    i.baudrateCalculate                      0x000045e0   Section        0  can.o(i.baudrateCalculate)
    i.can_data_send                          0x00004608   Section        0  can.o(i.can_data_send)
    i.can_rcv                                0x000046b8   Section        0  can.o(i.can_rcv)
    i.can_send                               0x00004a70   Section        0  can.o(i.can_send)
    i.delay_24c16                            0x00004ac8   Section        0  at24c16.o(i.delay_24c16)
    i.ferror                                 0x00004ae6   Section        0  board.o(i.ferror)
    i.fputc                                  0x00004aec   Section        0  board.o(i.fputc)
    i.i2c_app_init                           0x00004af8   Section        0  at24c16.o(i.i2c_app_init)
    i.main                                   0x00004b1c   Section        0  main.o(i.main)
    i.startMasterSetarp                      0x00005ba0   Section        0  at24c16.o(i.startMasterSetarp)
    x$fpl$drleqf                             0x00005bac   Section      104  drlef.o(x$fpl$drleqf)
    x$fpl$fmul                               0x00005c14   Section      176  fmul.o(x$fpl$fmul)
    .constdata                               0x00005cc4   Section      176  ambe.o(.constdata)
    x$fpl$usenofp                            0x00005cc4   Section        0  usenofp.o(x$fpl$usenofp)
    .constdata                               0x00005d74   Section       32  can.o(.constdata)
    .constdata                               0x00005d94   Section     1024  bspiapdriver.o(.constdata)
    .constdata                               0x00006194   Section       64  clock_11xx.o(.constdata)
    wdtOSCRate                               0x00006194   Data          64  clock_11xx.o(.constdata)
    .constdata                               0x000061d4   Section       40  board_sysinit.o(.constdata)
    pinmuxing                                0x000061d4   Data          40  board_sysinit.o(.constdata)
    .constdata                               0x000061fc   Section        4  board.o(.constdata)
    .constdata                               0x00006200   Section       40  _printf_hex_int.o(.constdata)
    uc_hextab                                0x00006200   Data          20  _printf_hex_int.o(.constdata)
    lc_hextab                                0x00006214   Data          20  _printf_hex_int.o(.constdata)
    .constdata                               0x00006228   Section       64  fdiv.o(.constdata)
    fdiv_tab                                 0x00006228   Data          64  fdiv.o(.constdata)
    .conststring                             0x00006268   Section       96  main.o(.conststring)
    .data                                    0x100000f0   Section       33  main.o(.data)
    .data                                    0x10000112   Section        2  ambe.o(.data)
    .data                                    0x10000114   Section       44  can.o(.data)
    .data                                    0x10000140   Section        8  dataio.o(.data)
    stat                                     0x10000145   Data           1  dataio.o(.data)
    d18v_on_cnt                              0x10000146   Data           1  dataio.o(.data)
    d18v_off_cnt                             0x10000147   Data           1  dataio.o(.data)
    .data                                    0x10000148   Section       20  t16b0.o(.data)
    .data                                    0x1000015c   Section        5  adc.o(.data)
    .data                                    0x10000164   Section        4  bspiapdriver.o(.data)
    .data                                    0x10000168   Section        1  watchdog.o(.data)
    .data                                    0x1000016c   Section       28  i2c_11xx.o(.data)
    i2c                                      0x1000016c   Data          28  i2c_11xx.o(.data)
    .data                                    0x10000188   Section        4  chip_11xx.o(.data)
    .data                                    0x1000018c   Section        4  board.o(.data)
    .bss                                     0x10000190   Section       20  main.o(.bss)
    .bss                                     0x100001a4   Section       68  ambe.o(.bss)
    .bss                                     0x100001e8   Section       40  can.o(.bss)
    .bss                                     0x10000210   Section       64  bspiapdriver.o(.bss)
    .bss                                     0x10000250   Section       96  libspace.o(.bss)
    HEAP                                     0x100002b0   Section      512  keil_startup_lpc11xx.o(HEAP)
    Heap_Mem                                 0x100002b0   Data         512  keil_startup_lpc11xx.o(HEAP)
    STACK                                    0x100004b0   Section      768  keil_startup_lpc11xx.o(STACK)
    Stack_Mem                                0x100004b0   Data         768  keil_startup_lpc11xx.o(STACK)
    __initial_sp                             0x100007b0   Data           0  keil_startup_lpc11xx.o(STACK)

    Global Symbols

    Symbol Name                              Value     Ov Type        Size  Object(Section)

    BuildAttributes$$THM_ISAv3M$S$PE$A:L22$X:L11$S22$IEEE1$IW$USESV6$~STKCKD$USESV7$~SHL$OSPACE$ROPI$EBA8$UX$STANDARDLIB$REQ8$PRES8$EABIv2 0x00000000   Number         0  anon$$obj.o ABSOLUTE
    __ARM_use_no_argv                        0x00000000   Number         0  main.o ABSOLUTE
    __ARM_exceptions_init                     - Undefined Weak Reference
    __alloca_initialize                       - Undefined Weak Reference
    __arm_preinit_                            - Undefined Weak Reference
    __cpp_initialize__aeabi_                  - Undefined Weak Reference
    __cxa_finalize                            - Undefined Weak Reference
    __rt_locale                               - Undefined Weak Reference
    __sigvec_lookup                           - Undefined Weak Reference
    _atexit_init                              - Undefined Weak Reference
    _call_atexit_fns                          - Undefined Weak Reference
    _clock_init                               - Undefined Weak Reference
    _fp_trap_init                             - Undefined Weak Reference
    _fp_trap_shutdown                         - Undefined Weak Reference
    _get_lc_collate                           - Undefined Weak Reference
    _get_lc_ctype                             - Undefined Weak Reference
    _get_lc_monetary                          - Undefined Weak Reference
    _get_lc_numeric                           - Undefined Weak Reference
    _get_lc_time                              - Undefined Weak Reference
    _getenv_init                              - Undefined Weak Reference
    _handle_redirection                       - Undefined Weak Reference
    _init_alloc                               - Undefined Weak Reference
    _init_user_alloc                          - Undefined Weak Reference
    _initio                                   - Undefined Weak Reference
    _printf_post_padding                      - Undefined Weak Reference
    _printf_pre_padding                       - Undefined Weak Reference
    _printf_truncate_signed                   - Undefined Weak Reference
    _printf_truncate_unsigned                 - Undefined Weak Reference
    _rand_init                                - Undefined Weak Reference
    _signal_finish                            - Undefined Weak Reference
    _signal_init                              - Undefined Weak Reference
    _terminate_alloc                          - Undefined Weak Reference
    _terminate_user_alloc                     - Undefined Weak Reference
    _terminateio                              - Undefined Weak Reference
    __Vectors                                0x00002000   Data           4  keil_startup_lpc11xx.o(RESET)
    __main                                   0x000020c1   Thumb Code     8  __main.o(!!!main)
    __scatterload                            0x000020c9   Thumb Code     0  __scatter.o(!!!scatter)
    __scatterload_rt2                        0x000020c9   Thumb Code    52  __scatter.o(!!!scatter)
    __scatterload_rt2_thumb_only             0x000020c9   Thumb Code     0  __scatter.o(!!!scatter)
    __scatterload_null                       0x000020d9   Thumb Code     0  __scatter.o(!!!scatter)
    __scatterload_copy                       0x00002105   Thumb Code    26  __scatter_copy.o(!!handler_copy)
    __scatterload_zeroinit                   0x00002121   Thumb Code    28  __scatter_zi.o(!!handler_zi)
    _printf_percent                          0x0000213d   Thumb Code     0  _printf_percent.o(.ARM.Collect$$_printf_percent$$00000000)
    _printf_d                                0x0000213f   Thumb Code     0  _printf_d.o(.ARM.Collect$$_printf_percent$$00000009)
    _printf_x                                0x00002149   Thumb Code     0  _printf_x.o(.ARM.Collect$$_printf_percent$$0000000C)
    _printf_percent_end                      0x00002153   Thumb Code     0  _printf_percent_end.o(.ARM.Collect$$_printf_percent$$00000017)
    __rt_lib_init                            0x00002157   Thumb Code     0  libinit.o(.ARM.Collect$$libinit$$00000000)
    __rt_lib_init_alloca_1                   0x00002159   Thumb Code     0  libinit2.o(.ARM.Collect$$libinit$$0000002E)
    __rt_lib_init_argv_1                     0x00002159   Thumb Code     0  libinit2.o(.ARM.Collect$$libinit$$0000002C)
    __rt_lib_init_atexit_1                   0x00002159   Thumb Code     0  libinit2.o(.ARM.Collect$$libinit$$0000001B)
    __rt_lib_init_clock_1                    0x00002159   Thumb Code     0  libinit2.o(.ARM.Collect$$libinit$$00000021)
    __rt_lib_init_cpp_1                      0x00002159   Thumb Code     0  libinit2.o(.ARM.Collect$$libinit$$00000032)
    __rt_lib_init_exceptions_1               0x00002159   Thumb Code     0  libinit2.o(.ARM.Collect$$libinit$$00000030)
    __rt_lib_init_fp_1                       0x00002159   Thumb Code     0  libinit2.o(.ARM.Collect$$libinit$$00000002)
    __rt_lib_init_fp_trap_1                  0x00002159   Thumb Code     0  libinit2.o(.ARM.Collect$$libinit$$0000001F)
    __rt_lib_init_getenv_1                   0x00002159   Thumb Code     0  libinit2.o(.ARM.Collect$$libinit$$00000023)
    __rt_lib_init_heap_1                     0x00002159   Thumb Code     0  libinit2.o(.ARM.Collect$$libinit$$0000000A)
    __rt_lib_init_lc_collate_1               0x00002159   Thumb Code     0  libinit2.o(.ARM.Collect$$libinit$$00000011)
    __rt_lib_init_lc_ctype_1                 0x00002159   Thumb Code     0  libinit2.o(.ARM.Collect$$libinit$$00000013)
    __rt_lib_init_lc_monetary_1              0x00002159   Thumb Code     0  libinit2.o(.ARM.Collect$$libinit$$00000015)
    __rt_lib_init_lc_numeric_1               0x00002159   Thumb Code     0  libinit2.o(.ARM.Collect$$libinit$$00000017)
    __rt_lib_init_lc_time_1                  0x00002159   Thumb Code     0  libinit2.o(.ARM.Collect$$libinit$$00000019)
    __rt_lib_init_preinit_1                  0x00002159   Thumb Code     0  libinit2.o(.ARM.Collect$$libinit$$00000004)
    __rt_lib_init_rand_1                     0x00002159   Thumb Code     0  libinit2.o(.ARM.Collect$$libinit$$0000000E)
    __rt_lib_init_return                     0x00002159   Thumb Code     0  libinit2.o(.ARM.Collect$$libinit$$00000033)
    __rt_lib_init_signal_1                   0x00002159   Thumb Code     0  libinit2.o(.ARM.Collect$$libinit$$0000001D)
    __rt_lib_init_stdio_1                    0x00002159   Thumb Code     0  libinit2.o(.ARM.Collect$$libinit$$00000025)
    __rt_lib_init_user_alloc_1               0x00002159   Thumb Code     0  libinit2.o(.ARM.Collect$$libinit$$0000000C)
    __rt_lib_shutdown                        0x0000215b   Thumb Code     0  libshutdown.o(.ARM.Collect$$libshutdown$$00000000)
    __rt_lib_shutdown_cpp_1                  0x0000215d   Thumb Code     0  libshutdown2.o(.ARM.Collect$$libshutdown$$00000002)
    __rt_lib_shutdown_fp_trap_1              0x0000215d   Thumb Code     0  libshutdown2.o(.ARM.Collect$$libshutdown$$00000007)
    __rt_lib_shutdown_heap_1                 0x0000215d   Thumb Code     0  libshutdown2.o(.ARM.Collect$$libshutdown$$0000000F)
    __rt_lib_shutdown_return                 0x0000215d   Thumb Code     0  libshutdown2.o(.ARM.Collect$$libshutdown$$00000010)
    __rt_lib_shutdown_signal_1               0x0000215d   Thumb Code     0  libshutdown2.o(.ARM.Collect$$libshutdown$$0000000A)
    __rt_lib_shutdown_stdio_1                0x0000215d   Thumb Code     0  libshutdown2.o(.ARM.Collect$$libshutdown$$00000004)
    __rt_lib_shutdown_user_alloc_1           0x0000215d   Thumb Code     0  libshutdown2.o(.ARM.Collect$$libshutdown$$0000000C)
    __rt_entry                               0x0000215f   Thumb Code     0  __rtentry.o(.ARM.Collect$$rtentry$$00000000)
    __rt_entry_presh_1                       0x0000215f   Thumb Code     0  __rtentry2.o(.ARM.Collect$$rtentry$$00000002)
    __rt_entry_sh                            0x0000215f   Thumb Code     0  __rtentry4.o(.ARM.Collect$$rtentry$$00000004)
    __rt_entry_li                            0x00002165   Thumb Code     0  __rtentry2.o(.ARM.Collect$$rtentry$$0000000A)
    __rt_entry_postsh_1                      0x00002165   Thumb Code     0  __rtentry2.o(.ARM.Collect$$rtentry$$00000009)
    __rt_entry_main                          0x00002169   Thumb Code     0  __rtentry2.o(.ARM.Collect$$rtentry$$0000000D)
    __rt_entry_postli_1                      0x00002169   Thumb Code     0  __rtentry2.o(.ARM.Collect$$rtentry$$0000000C)
    __rt_exit                                0x00002171   Thumb Code     0  rtexit.o(.ARM.Collect$$rtexit$$00000000)
    __rt_exit_ls                             0x00002173   Thumb Code     0  rtexit2.o(.ARM.Collect$$rtexit$$00000003)
    __rt_exit_prels_1                        0x00002173   Thumb Code     0  rtexit2.o(.ARM.Collect$$rtexit$$00000002)
    __rt_exit_exit                           0x00002177   Thumb Code     0  rtexit2.o(.ARM.Collect$$rtexit$$00000004)
    __aeabi_memcpy4                          0x0000217d   Thumb Code    56  rt_memcpy.o(.emb_text)
    __aeabi_memcpy8                          0x0000217d   Thumb Code     0  rt_memcpy.o(.emb_text)
    Reset_Handler                            0x000021b5   Thumb Code     8  keil_startup_lpc11xx.o(.text)
    NMI_Handler                              0x000021bd   Thumb Code     2  keil_startup_lpc11xx.o(.text)
    MemManage_Handler                        0x000021c1   Thumb Code     2  keil_startup_lpc11xx.o(.text)
    BusFault_Handler                         0x000021c3   Thumb Code     2  keil_startup_lpc11xx.o(.text)
    UsageFault_Handler                       0x000021c5   Thumb Code     2  keil_startup_lpc11xx.o(.text)
    SVC_Handler                              0x000021c7   Thumb Code     2  keil_startup_lpc11xx.o(.text)
    DebugMon_Handler                         0x000021c9   Thumb Code     2  keil_startup_lpc11xx.o(.text)
    PendSV_Handler                           0x000021cb   Thumb Code     2  keil_startup_lpc11xx.o(.text)
    Reserved_IRQHandler                      0x000021cf   Thumb Code     2  keil_startup_lpc11xx.o(.text)
    BOD_IRQHandler                           0x000021d1   Thumb Code     0  keil_startup_lpc11xx.o(.text)
    I2C_IRQHandler                           0x000021d1   Thumb Code     0  keil_startup_lpc11xx.o(.text)
    PIOINT0_IRQHandler                       0x000021d1   Thumb Code     0  keil_startup_lpc11xx.o(.text)
    PIOINT1_IRQHandler                       0x000021d1   Thumb Code     0  keil_startup_lpc11xx.o(.text)
    PIOINT2_IRQHandler                       0x000021d1   Thumb Code     0  keil_startup_lpc11xx.o(.text)
    PIOINT3_IRQHandler                       0x000021d1   Thumb Code     0  keil_startup_lpc11xx.o(.text)
    SSP0_IRQHandler                          0x000021d1   Thumb Code     0  keil_startup_lpc11xx.o(.text)
    SSP1_IRQHandler                          0x000021d1   Thumb Code     0  keil_startup_lpc11xx.o(.text)
    TIMER16_1_IRQHandler                     0x000021d1   Thumb Code     0  keil_startup_lpc11xx.o(.text)
    TIMER32_0_IRQHandler                     0x000021d1   Thumb Code     0  keil_startup_lpc11xx.o(.text)
    TIMER32_1_IRQHandler                     0x000021d1   Thumb Code     0  keil_startup_lpc11xx.o(.text)
    UART_IRQHandler                          0x000021d1   Thumb Code     0  keil_startup_lpc11xx.o(.text)
    WAKEUP_IRQHandler                        0x000021d1   Thumb Code     0  keil_startup_lpc11xx.o(.text)
    WDT_IRQHandler                           0x000021d1   Thumb Code     0  keil_startup_lpc11xx.o(.text)
    __user_initial_stackheap                 0x000021d5   Thumb Code     0  keil_startup_lpc11xx.o(.text)
    __2printf                                0x000021f9   Thumb Code    22  noretval__2printf.o(.text)
    __printf                                 0x00002215   Thumb Code   108  __printf.o(.text)
    _printf_int_dec                          0x00002281   Thumb Code    90  _printf_dec.o(.text)
    _printf_int_hex                          0x000022ed   Thumb Code    84  _printf_hex_int.o(.text)
    _printf_longlong_hex                     0x000022ed   Thumb Code     0  _printf_hex_int.o(.text)
    __aeabi_uidiv                            0x00002345   Thumb Code     0  aeabi_sdiv.o(.text)
    __aeabi_uidivmod                         0x00002345   Thumb Code    20  aeabi_sdiv.o(.text)
    __aeabi_idiv                             0x00002359   Thumb Code     0  aeabi_sdiv.o(.text)
    __aeabi_idivmod                          0x00002359   Thumb Code   326  aeabi_sdiv.o(.text)
    __use_two_region_memory                  0x0000249f   Thumb Code     2  heapauxi.o(.text)
    __rt_heap_escrow$2region                 0x000024a1   Thumb Code     2  heapauxi.o(.text)
    __rt_heap_expand$2region                 0x000024a3   Thumb Code     2  heapauxi.o(.text)
    __aeabi_dmul                             0x000024a5   Thumb Code     0  dmul.o(.text)
    _dmul                                    0x000024a5   Thumb Code   558  dmul.o(.text)
    __aeabi_f2d                              0x000026ed   Thumb Code     0  f2d.o(.text)
    _f2d                                     0x000026ed   Thumb Code    80  f2d.o(.text)
    __aeabi_fdiv                             0x00002741   Thumb Code     0  fdiv.o(.text)
    _fdiv                                    0x00002741   Thumb Code   334  fdiv.o(.text)
    _frdiv                                   0x0000288f   Thumb Code     8  fdiv.o(.text)
    __aeabi_f2uiz                            0x000028a1   Thumb Code     0  ffixui.o(.text)
    _ffixu                                   0x000028a1   Thumb Code    48  ffixui.o(.text)
    __aeabi_i2f_normalise                    0x000028d1   Thumb Code    72  fflti.o(.text)
    __aeabi_i2f                              0x00002919   Thumb Code    16  fflti.o(.text)
    _fflt                                    0x00002919   Thumb Code     0  fflti.o(.text)
    __aeabi_ui2f                             0x00002929   Thumb Code     6  fflti.o(.text)
    _ffltu                                   0x00002929   Thumb Code     0  fflti.o(.text)
    _printf_int_common                       0x0000292f   Thumb Code   176  _printf_intcommon.o(.text)
    _printf_char_file                        0x000029e1   Thumb Code    34  _printf_char_file.o(.text)
    __rt_udiv10                              0x00002a09   Thumb Code    40  rtudiv10.o(.text)
    __fpl_dcmp_InfNaN                        0x00002a31   Thumb Code   140  dcmpin.o(.text)
    _printf_char_common                      0x00002acb   Thumb Code    32  _printf_char_common.o(.text)
    __fpl_cmpreturn                          0x00002af1   Thumb Code    46  cmpret.o(.text)
    __fpl_dcheck_NaN2                        0x00002b21   Thumb Code    14  dnan2.o(.text)
    __user_setup_stackheap                   0x00002b35   Thumb Code    62  sys_stackheap_outer.o(.text)
    exit                                     0x00002b73   Thumb Code    16  exit.o(.text)
    __fpl_return_NaN                         0x00002b83   Thumb Code    94  retnan.o(.text)
    __user_libspace                          0x00002be1   Thumb Code     8  libspace.o(.text)
    __user_perproc_libspace                  0x00002be1   Thumb Code     0  libspace.o(.text)
    __user_perthread_libspace                0x00002be1   Thumb Code     0  libspace.o(.text)
    ADCInit                                  0x00002be9   Thumb Code   238  adc.o(i.ADCInit)
    ADC_IRQHandler                           0x00002cf5   Thumb Code    42  adc.o(i.ADC_IRQHandler)
    AMBEGetRdStatus                          0x00002d31   Thumb Code    16  ambe.o(i.AMBEGetRdStatus)
    AMBEGetWrStatus                          0x00002d41   Thumb Code    16  ambe.o(i.AMBEGetWrStatus)
    AMBEInit                                 0x00002d51   Thumb Code    46  ambe.o(i.AMBEInit)
    AMBERdData                               0x00002d85   Thumb Code    64  ambe.o(i.AMBERdData)
    AMBEReset                                0x00002dc9   Thumb Code    74  ambe.o(i.AMBEReset)
    AMBESetGain                              0x00002e19   Thumb Code    90  ambe.o(i.AMBESetGain)
    AMBESetSine                              0x00002e7d   Thumb Code    92  ambe.o(i.AMBESetSine)
    AMBEWrData                               0x00002ee5   Thumb Code   118  ambe.o(i.AMBEWrData)
    AT24C16_Check                            0x00002f69   Thumb Code   100  at24c16.o(i.AT24C16_Check)
    AT24C16_ReadOneByte                      0x00002fd9   Thumb Code    74  at24c16.o(i.AT24C16_ReadOneByte)
    AT24C16_WriteOneByte                     0x00003023   Thumb Code    66  at24c16.o(i.AT24C16_WriteOneByte)
    Board_Debug_Init                         0x00003065   Thumb Code    46  board.o(i.Board_Debug_Init)
    Board_Init                               0x0000309d   Thumb Code    26  board.o(i.Board_Init)
    Board_SystemInit                         0x000030bd   Thumb Code    44  board_sysinit.o(i.Board_SystemInit)
    Board_UARTPutChar                        0x000030f5   Thumb Code    14  board.o(i.Board_UARTPutChar)
    CANSend_AMBESetSine                      0x00003109   Thumb Code    96  can.o(i.CANSend_AMBESetSine)
    CAN_IRQHandler                           0x0000316d   Thumb Code    14  can.o(i.CAN_IRQHandler)
    CAN_error                                0x00003181   Thumb Code    68  can.o(i.CAN_error)
    CAN_init                                 0x000031c5   Thumb Code   144  can.o(i.CAN_init)
    CAN_reset                                0x00003295   Thumb Code    82  can.o(i.CAN_reset)
    CAN_rx                                   0x000032f1   Thumb Code    42  can.o(i.CAN_rx)
    CAN_tx                                   0x00003329   Thumb Code     8  can.o(i.CAN_tx)
    CRC32                                    0x00003335   Thumb Code    70  bspiapdriver.o(i.CRC32)
    Chip_Clock_GetMainClockRate              0x00003381   Thumb Code    48  clock_11xx.o(i.Chip_Clock_GetMainClockRate)
    Chip_Clock_GetSystemClockRate            0x000033b9   Thumb Code    16  clock_11xx.o(i.Chip_Clock_GetSystemClockRate)
    Chip_Clock_GetSystemPLLInClockRate       0x000033cd   Thumb Code    28  clock_11xx.o(i.Chip_Clock_GetSystemPLLInClockRate)
    Chip_Clock_GetSystemPLLOutClockRate      0x000033f5   Thumb Code    20  clock_11xx.o(i.Chip_Clock_GetSystemPLLOutClockRate)
    Chip_Clock_GetWDTOSCRate                 0x0000340d   Thumb Code    28  clock_11xx.o(i.Chip_Clock_GetWDTOSCRate)
    Chip_Clock_SetMainClockSource            0x00003431   Thumb Code    14  clock_11xx.o(i.Chip_Clock_SetMainClockSource)
    Chip_Clock_SetSystemPLLSource            0x00003445   Thumb Code    14  clock_11xx.o(i.Chip_Clock_SetSystemPLLSource)
    Chip_GPIO_Init                           0x000034c9   Thumb Code    12  gpio_11xx_2.o(i.Chip_GPIO_Init)
    Chip_I2C_EventHandler                    0x000035e1   Thumb Code    24  i2c_11xx.o(i.Chip_I2C_EventHandler)
    Chip_I2C_Init                            0x000035fd   Thumb Code    32  i2c_11xx.o(i.Chip_I2C_Init)
    Chip_I2C_SetClockRate                    0x00003625   Thumb Code    38  i2c_11xx.o(i.Chip_I2C_SetClockRate)
    Chip_SYSCTL_PowerDown                    0x00003665   Thumb Code    20  sysctl_11xx.o(i.Chip_SYSCTL_PowerDown)
    Chip_SYSCTL_PowerUp                      0x0000367d   Thumb Code    20  sysctl_11xx.o(i.Chip_SYSCTL_PowerUp)
    Chip_UART_Init                           0x00003695   Thumb Code    30  uart_11xx.o(i.Chip_UART_Init)
    Chip_UART_Send                           0x000036b9   Thumb Code    28  uart_11xx.o(i.Chip_UART_Send)
    Chip_UART_SendBlocking                   0x000036d5   Thumb Code    36  uart_11xx.o(i.Chip_UART_SendBlocking)
    Chip_UART_SetBaud                        0x000036f9   Thumb Code    56  uart_11xx.o(i.Chip_UART_SetBaud)
    D18V_State                               0x00003731   Thumb Code   146  dataio.o(i.D18V_State)
    Delay                                    0x000037d5   Thumb Code    38  ambe.o(i.Delay)
    Device_Init                              0x000037fd   Thumb Code   114  main.o(i.Device_Init)
    Get_Key1                                 0x00003891   Thumb Code    26  speak.o(i.Get_Key1)
    Get_Key2                                 0x000038ab   Thumb Code    26  speak.o(i.Get_Key2)
    Gpio_Init                                0x000038c5   Thumb Code    78  dataio.o(i.Gpio_Init)
    HardFault_Handler                        0x00003915   Thumb Code    48  main.o(i.HardFault_Handler)
    I2C_Recieve_Byte                         0x0000394d   Thumb Code    30  at24c16.o(i.I2C_Recieve_Byte)
    I2C_Send_Byte                            0x0000396b   Thumb Code    30  at24c16.o(i.I2C_Send_Byte)
    I2C_Send_Start                           0x00003989   Thumb Code    38  at24c16.o(i.I2C_Send_Start)
    I2C_Stop                                 0x000039af   Thumb Code    36  at24c16.o(i.I2C_Stop)
    Init_I2C_PinMux                          0x000039d5   Thumb Code    64  at24c16.o(i.Init_I2C_PinMux)
    JDQ_State_Close                          0x00003a1d   Thumb Code    24  dataio.o(i.JDQ_State_Close)
    JDQ_State_Open                           0x00003a39   Thumb Code    24  dataio.o(i.JDQ_State_Open)
    Led_OFF                                  0x00003a55   Thumb Code    18  speak.o(i.Led_OFF)
    Led_ON                                   0x00003a67   Thumb Code    18  speak.o(i.Led_ON)
    Mute_OFF                                 0x00003a79   Thumb Code    18  speak.o(i.Mute_OFF)
    Mute_ON                                  0x00003a8b   Thumb Code    18  speak.o(i.Mute_ON)
    POWEROFF_State_Close                     0x00003a9d   Thumb Code    16  dataio.o(i.POWEROFF_State_Close)
    POWEROFF_State_Open                      0x00003aad   Thumb Code    16  dataio.o(i.POWEROFF_State_Open)
    ParalleGet                               0x00003abd   Thumb Code   256  ambe.o(i.ParalleGet)
    ParallelSet                              0x00003bbd   Thumb Code   394  ambe.o(i.ParallelSet)
    PinInit                                  0x00003d49   Thumb Code   284  ambe.o(i.PinInit)
    ReadUID                                  0x00003e69   Thumb Code    20  bspiapdriver.o(i.ReadUID)
    SBoard_Init                              0x00003e81   Thumb Code   192  speak.o(i.SBoard_Init)
    Set_Charge                               0x00003f45   Thumb Code   112  speak.o(i.Set_Charge)
    Set_Volume                               0x00003fb5   Thumb Code   112  speak.o(i.Set_Volume)
    Sine_Close                               0x00004025   Thumb Code    18  speak.o(i.Sine_Close)
    Sine_Open                                0x00004037   Thumb Code    22  speak.o(i.Sine_Open)
    SysTick_Handler                          0x0000404d   Thumb Code   166  main.o(i.SysTick_Handler)
    SystemCoreClockUpdate                    0x00004141   Thumb Code    12  chip_11xx.o(i.SystemCoreClockUpdate)
    SystemInit                               0x00004151   Thumb Code     8  sysinit.o(i.SystemInit)
    TIM16B0_INT_init                         0x000041b5   Thumb Code    66  t16b0.o(i.TIM16B0_INT_init)
    TIMER16_0_IRQHandler                     0x00004205   Thumb Code   716  t16b0.o(i.TIMER16_0_IRQHandler)
    UIdRead                                  0x00004525   Thumb Code    24  bspiapdriver.o(i.UIdRead)
    __ARM_common_switch8                     0x00004549   Thumb Code    26  i2c_11xx.o(i.__ARM_common_switch8)
    _sys_exit                                0x000045dd   Thumb Code     2  board.o(i._sys_exit)
    baudrateCalculate                        0x000045e1   Thumb Code    32  can.o(i.baudrateCalculate)
    can_data_send                            0x00004609   Thumb Code   160  can.o(i.can_data_send)
    can_rcv                                  0x000046b9   Thumb Code   814  can.o(i.can_rcv)
    can_send                                 0x00004a71   Thumb Code    70  can.o(i.can_send)
    delay_24c16                              0x00004ac9   Thumb Code    30  at24c16.o(i.delay_24c16)
    ferror                                   0x00004ae7   Thumb Code     6  board.o(i.ferror)
    fputc                                    0x00004aed   Thumb Code    12  board.o(i.fputc)
    i2c_app_init                             0x00004af9   Thumb Code    34  at24c16.o(i.i2c_app_init)
    main                                     0x00004b1d   Thumb Code  4044  main.o(i.main)
    startMasterSetarp                        0x00005ba1   Thumb Code    10  at24c16.o(i.startMasterSetarp)
    __aeabi_cdrcmple                         0x00005bad   Thumb Code     0  drlef.o(x$fpl$drleqf)
    _drcmple                                 0x00005bad   Thumb Code   100  drlef.o(x$fpl$drleqf)
    __aeabi_fmul                             0x00005c15   Thumb Code     0  fmul.o(x$fpl$fmul)
    _fmul                                    0x00005c15   Thumb Code   172  fmul.o(x$fpl$fmul)
    SINE_DATA                                0x00005cc4   Data          34  ambe.o(.constdata)
    __I$use$fp                               0x00005cc4   Number         0  usenofp.o(x$fpl$usenofp)
    SINE_DATA1                               0x00005ce6   Data           6  ambe.o(.constdata)
    MUTE_DATA                                0x00005cec   Data          34  ambe.o(.constdata)
    GAIN_DATA                                0x00005d0e   Data          34  ambe.o(.constdata)
    SLEEP_DATA                               0x00005d30   Data          34  ambe.o(.constdata)
    WAKE_DATA                                0x00005d52   Data          34  ambe.o(.constdata)
    OscRateIn                                0x000061fc   Data           4  board.o(.constdata)
    Region$$Table$$Base                      0x000062c8   Number         0  anon$$obj.o(Region$$Table)
    Region$$Table$$Limit                     0x000062e8   Number         0  anon$$obj.o(Region$$Table)
    msg                                      0x100000f0   Data           8  main.o(.data)
    flag_18off                               0x100000f8   Data           1  main.o(.data)
    error                                    0x100000fa   Data           2  main.o(.data)
    mute_flag                                0x100000fc   Data           1  main.o(.data)
    reset_count                              0x10000100   Data           4  main.o(.data)
    is_YY_Alive                              0x10000104   Data           1  main.o(.data)
    reset_flag1                              0x10000105   Data           1  main.o(.data)
    ADC_value                                0x10000106   Data           2  main.o(.data)
    flag_18ON                                0x10000108   Data           1  main.o(.data)
    D18V_IN_flag                             0x10000109   Data           1  main.o(.data)
    D18V_IN_count                            0x1000010a   Data           1  main.o(.data)
    key1_flag                                0x1000010b   Data           1  main.o(.data)
    key2_flag                                0x1000010c   Data           1  main.o(.data)
    is_YY_Init                               0x1000010d   Data           1  main.o(.data)
    g_d18_onlinetime_cnt                     0x1000010e   Data           1  main.o(.data)
    g_battsupply_enable                      0x1000010f   Data           1  main.o(.data)
    d18v_stat                                0x10000110   Data           1  main.o(.data)
    waitcnt                                  0x10000112   Data           2  ambe.o(.data)
    px_flag                                  0x10000114   Data           1  can.o(.data)
    send_px_flag                             0x10000115   Data           1  can.o(.data)
    CAN_ID                                   0x10000118   Data           4  can.o(.data)
    can_send_len                             0x1000011c   Data           1  can.o(.data)
    can_sound_time                           0x1000011e   Data           2  can.o(.data)
    can_rev_monitor_flag                     0x10000120   Data           1  can.o(.data)
    can_send_flag                            0x10000121   Data           1  can.o(.data)
    can_sound_flag                           0x10000122   Data           1  can.o(.data)
    heart_flag                               0x10000123   Data           1  can.o(.data)
    can_sound_buf                            0x10000124   Data           8  can.o(.data)
    can_sound_buf_count                      0x1000012c   Data           1  can.o(.data)
    reset_flag                               0x1000012d   Data           1  can.o(.data)
    can_errors                               0x10000130   Data           4  can.o(.data)
    second                                   0x10000134   Data           1  can.o(.data)
    minute                                   0x10000135   Data           1  can.o(.data)
    hour                                     0x10000136   Data           1  can.o(.data)
    day                                      0x10000137   Data           1  can.o(.data)
    month                                    0x10000138   Data           1  can.o(.data)
    year                                     0x10000139   Data           1  can.o(.data)
    chip_ID                                  0x1000013c   Data           4  can.o(.data)
    flag_18V_count1                          0x10000140   Data           1  dataio.o(.data)
    flag_18V_count2                          0x10000141   Data           1  dataio.o(.data)
    flag_18V_return                          0x10000142   Data           1  dataio.o(.data)
    Data0_State                              0x10000143   Data           1  dataio.o(.data)
    JDQ_State                                0x10000144   Data           1  dataio.o(.data)
    flag_5s                                  0x10000148   Data           1  t16b0.o(.data)
    flag_5s_count                            0x1000014a   Data           2  t16b0.o(.data)
    flag_1000ms                              0x1000014c   Data           2  t16b0.o(.data)
    flag_1000ms_count                        0x1000014e   Data           2  t16b0.o(.data)
    flag_10ms                                0x10000150   Data           1  t16b0.o(.data)
    flag_10ms_p1                             0x10000151   Data           1  t16b0.o(.data)
    flag_10ms_p2                             0x10000152   Data           1  t16b0.o(.data)
    flag_10ms_count                          0x10000153   Data           1  t16b0.o(.data)
    flag_CAN_Send                            0x10000154   Data           1  t16b0.o(.data)
    flag_20ms                                0x10000155   Data           1  t16b0.o(.data)
    flag_20ms_count                          0x10000156   Data           1  t16b0.o(.data)
    flag_jt_50ms                             0x10000157   Data           1  t16b0.o(.data)
    flag_jt_50ms_count                       0x10000158   Data           1  t16b0.o(.data)
    flag_1500ms                              0x10000159   Data           1  t16b0.o(.data)
    flag_1500ms_count                        0x1000015a   Data           1  t16b0.o(.data)
    flag_18V                                 0x1000015b   Data           1  t16b0.o(.data)
    ADC_IRQ_Value_final                      0x1000015c   Data           2  adc.o(.data)
    ADC_add                                  0x1000015e   Data           2  adc.o(.data)
    ADC_Comp_flag                            0x10000160   Data           1  adc.o(.data)
    IAP_Entry                                0x10000164   Data           4  bspiapdriver.o(.data)
    watchdog_feed_flag                       0x10000168   Data           1  watchdog.o(.data)
    SystemCoreClock                          0x10000188   Data           4  chip_11xx.o(.data)
    __stdout                                 0x1000018c   Data           4  board.o(.data)
    msg_obj                                  0x10000190   Data          20  main.o(.bss)
    FrameRdData                              0x100001a4   Data          34  ambe.o(.bss)
    FrameWrData                              0x100001c6   Data          34  ambe.o(.bss)
    mod_flag                                 0x100001e8   Data          20  can.o(.bss)
    msg_obj_d                                0x100001fc   Data          20  can.o(.bss)
    GulParamin                               0x10000210   Data          32  bspiapdriver.o(.bss)
    GulParamout                              0x10000230   Data          32  bspiapdriver.o(.bss)
    __libspace_start                         0x10000250   Data          96  libspace.o(.bss)
    __temporary_stack_top$libspace           0x100002b0   Data           0  libspace.o(.bss)



==============================================================================

Memory Map of the image

  Image Entry point : 0x000020c1

  Load Region LR_IROM1 (Base: 0x00002000, Size: 0x00004388, Max: 0x00006000, ABSOLUTE)

    Execution Region ER_IROM1 (Base: 0x00002000, Size: 0x000042e8, Max: 0x00006000, ABSOLUTE)

    Base Addr    Size         Type   Attr      Idx    E Section Name        Object

    0x00002000   0x000000c0   Data   RO         1011    RESET               keil_startup_lpc11xx.o
    0x000020c0   0x00000008   Code   RO         1953  * !!!main             c_p.l(__main.o)
    0x000020c8   0x0000003c   Code   RO         2154    !!!scatter          c_p.l(__scatter.o)
    0x00002104   0x0000001a   Code   RO         2156    !!handler_copy      c_p.l(__scatter_copy.o)
    0x0000211e   0x00000002   PAD
    0x00002120   0x0000001c   Code   RO         2158    !!handler_zi        c_p.l(__scatter_zi.o)
    0x0000213c   0x00000002   Code   RO         1940    .ARM.Collect$$_printf_percent$$00000000  c_p.l(_printf_percent.o)
    0x0000213e   0x0000000a   Code   RO         1939    .ARM.Collect$$_printf_percent$$00000009  c_p.l(_printf_d.o)
    0x00002148   0x0000000a   Code   RO         1938    .ARM.Collect$$_printf_percent$$0000000C  c_p.l(_printf_x.o)
    0x00002152   0x00000004   Code   RO         1979    .ARM.Collect$$_printf_percent$$00000017  c_p.l(_printf_percent_end.o)
    0x00002156   0x00000002   Code   RO         2024    .ARM.Collect$$libinit$$00000000  c_p.l(libinit.o)
    0x00002158   0x00000000   Code   RO         2040    .ARM.Collect$$libinit$$00000002  c_p.l(libinit2.o)
    0x00002158   0x00000000   Code   RO         2042    .ARM.Collect$$libinit$$00000004  c_p.l(libinit2.o)
    0x00002158   0x00000000   Code   RO         2045    .ARM.Collect$$libinit$$0000000A  c_p.l(libinit2.o)
    0x00002158   0x00000000   Code   RO         2047    .ARM.Collect$$libinit$$0000000C  c_p.l(libinit2.o)
    0x00002158   0x00000000   Code   RO         2049    .ARM.Collect$$libinit$$0000000E  c_p.l(libinit2.o)
    0x00002158   0x00000000   Code   RO         2052    .ARM.Collect$$libinit$$00000011  c_p.l(libinit2.o)
    0x00002158   0x00000000   Code   RO         2054    .ARM.Collect$$libinit$$00000013  c_p.l(libinit2.o)
    0x00002158   0x00000000   Code   RO         2056    .ARM.Collect$$libinit$$00000015  c_p.l(libinit2.o)
    0x00002158   0x00000000   Code   RO         2058    .ARM.Collect$$libinit$$00000017  c_p.l(libinit2.o)
    0x00002158   0x00000000   Code   RO         2060    .ARM.Collect$$libinit$$00000019  c_p.l(libinit2.o)
    0x00002158   0x00000000   Code   RO         2062    .ARM.Collect$$libinit$$0000001B  c_p.l(libinit2.o)
    0x00002158   0x00000000   Code   RO         2064    .ARM.Collect$$libinit$$0000001D  c_p.l(libinit2.o)
    0x00002158   0x00000000   Code   RO         2066    .ARM.Collect$$libinit$$0000001F  c_p.l(libinit2.o)
    0x00002158   0x00000000   Code   RO         2068    .ARM.Collect$$libinit$$00000021  c_p.l(libinit2.o)
    0x00002158   0x00000000   Code   RO         2070    .ARM.Collect$$libinit$$00000023  c_p.l(libinit2.o)
    0x00002158   0x00000000   Code   RO         2072    .ARM.Collect$$libinit$$00000025  c_p.l(libinit2.o)
    0x00002158   0x00000000   Code   RO         2076    .ARM.Collect$$libinit$$0000002C  c_p.l(libinit2.o)
    0x00002158   0x00000000   Code   RO         2078    .ARM.Collect$$libinit$$0000002E  c_p.l(libinit2.o)
    0x00002158   0x00000000   Code   RO         2080    .ARM.Collect$$libinit$$00000030  c_p.l(libinit2.o)
    0x00002158   0x00000000   Code   RO         2082    .ARM.Collect$$libinit$$00000032  c_p.l(libinit2.o)
    0x00002158   0x00000002   Code   RO         2083    .ARM.Collect$$libinit$$00000033  c_p.l(libinit2.o)
    0x0000215a   0x00000002   Code   RO         2109    .ARM.Collect$$libshutdown$$00000000  c_p.l(libshutdown.o)
    0x0000215c   0x00000000   Code   RO         2138    .ARM.Collect$$libshutdown$$00000002  c_p.l(libshutdown2.o)
    0x0000215c   0x00000000   Code   RO         2140    .ARM.Collect$$libshutdown$$00000004  c_p.l(libshutdown2.o)
    0x0000215c   0x00000000   Code   RO         2143    .ARM.Collect$$libshutdown$$00000007  c_p.l(libshutdown2.o)
    0x0000215c   0x00000000   Code   RO         2146    .ARM.Collect$$libshutdown$$0000000A  c_p.l(libshutdown2.o)
    0x0000215c   0x00000000   Code   RO         2148    .ARM.Collect$$libshutdown$$0000000C  c_p.l(libshutdown2.o)
    0x0000215c   0x00000000   Code   RO         2151    .ARM.Collect$$libshutdown$$0000000F  c_p.l(libshutdown2.o)
    0x0000215c   0x00000002   Code   RO         2152    .ARM.Collect$$libshutdown$$00000010  c_p.l(libshutdown2.o)
    0x0000215e   0x00000000   Code   RO         1970    .ARM.Collect$$rtentry$$00000000  c_p.l(__rtentry.o)
    0x0000215e   0x00000000   Code   RO         1986    .ARM.Collect$$rtentry$$00000002  c_p.l(__rtentry2.o)
    0x0000215e   0x00000006   Code   RO         1998    .ARM.Collect$$rtentry$$00000004  c_p.l(__rtentry4.o)
    0x00002164   0x00000000   Code   RO         1988    .ARM.Collect$$rtentry$$00000009  c_p.l(__rtentry2.o)
    0x00002164   0x00000004   Code   RO         1989    .ARM.Collect$$rtentry$$0000000A  c_p.l(__rtentry2.o)
    0x00002168   0x00000000   Code   RO         1991    .ARM.Collect$$rtentry$$0000000C  c_p.l(__rtentry2.o)
    0x00002168   0x00000008   Code   RO         1992    .ARM.Collect$$rtentry$$0000000D  c_p.l(__rtentry2.o)
    0x00002170   0x00000002   Code   RO         2031    .ARM.Collect$$rtexit$$00000000  c_p.l(rtexit.o)
    0x00002172   0x00000000   Code   RO         2085    .ARM.Collect$$rtexit$$00000002  c_p.l(rtexit2.o)
    0x00002172   0x00000004   Code   RO         2086    .ARM.Collect$$rtexit$$00000003  c_p.l(rtexit2.o)
    0x00002176   0x00000006   Code   RO         2087    .ARM.Collect$$rtexit$$00000004  c_p.l(rtexit2.o)
    0x0000217c   0x00000038   Code   RO         1941    .emb_text           c_p.l(rt_memcpy.o)
    0x000021b4   0x00000044   Code   RO         1012    .text               keil_startup_lpc11xx.o
    0x000021f8   0x0000001c   Code   RO         1891    .text               c_p.l(noretval__2printf.o)
    0x00002214   0x0000006c   Code   RO         1893    .text               c_p.l(__printf.o)
    0x00002280   0x0000006c   Code   RO         1895    .text               c_p.l(_printf_dec.o)
    0x000022ec   0x00000058   Code   RO         1900    .text               c_p.l(_printf_hex_int.o)
    0x00002344   0x0000015a   Code   RO         1947    .text               c_p.l(aeabi_sdiv.o)
    0x0000249e   0x00000006   Code   RO         1951    .text               c_p.l(heapauxi.o)
    0x000024a4   0x00000248   Code   RO         1955    .text               fz_ps.l(dmul.o)
    0x000026ec   0x00000054   Code   RO         1959    .text               fz_ps.l(f2d.o)
    0x00002740   0x00000160   Code   RO         1961    .text               fz_ps.l(fdiv.o)
    0x000028a0   0x00000030   Code   RO         1964    .text               fz_ps.l(ffixui.o)
    0x000028d0   0x0000005e   Code   RO         1966    .text               fz_ps.l(fflti.o)
    0x0000292e   0x000000b0   Code   RO         1975    .text               c_p.l(_printf_intcommon.o)
    0x000029de   0x00000002   PAD
    0x000029e0   0x00000028   Code   RO         1977    .text               c_p.l(_printf_char_file.o)
    0x00002a08   0x00000028   Code   RO         1980    .text               c_p.l(rtudiv10.o)
    0x00002a30   0x00000090   Code   RO         1982    .text               fz_ps.l(dcmpin.o)
    0x00002ac0   0x00000030   Code   RO         2002    .text               c_p.l(_printf_char_common.o)
    0x00002af0   0x0000002e   Code   RO         2004    .text               fz_ps.l(cmpret.o)
    0x00002b1e   0x00000002   PAD
    0x00002b20   0x00000014   Code   RO         2006    .text               fz_ps.l(dnan2.o)
    0x00002b34   0x0000003e   Code   RO         2008    .text               c_p.l(sys_stackheap_outer.o)
    0x00002b72   0x00000010   Code   RO         2013    .text               c_p.l(exit.o)
    0x00002b82   0x0000005e   Code   RO         2025    .text               fz_ps.l(retnan.o)
    0x00002be0   0x00000008   Code   RO         2027    .text               c_p.l(libspace.o)
    0x00002be8   0x0000010c   Code   RO          714    i.ADCInit           adc.o
    0x00002cf4   0x0000003c   Code   RO          715    i.ADC_IRQHandler    adc.o
    0x00002d30   0x00000010   Code   RO          218    i.AMBEGetRdStatus   ambe.o
    0x00002d40   0x00000010   Code   RO          219    i.AMBEGetWrStatus   ambe.o
    0x00002d50   0x00000034   Code   RO          220    i.AMBEInit          ambe.o
    0x00002d84   0x00000044   Code   RO          221    i.AMBERdData        ambe.o
    0x00002dc8   0x00000050   Code   RO          222    i.AMBEReset         ambe.o
    0x00002e18   0x00000064   Code   RO          223    i.AMBESetGain       ambe.o
    0x00002e7c   0x00000068   Code   RO          225    i.AMBESetSine       ambe.o
    0x00002ee4   0x00000084   Code   RO          228    i.AMBEWrData        ambe.o
    0x00002f68   0x00000070   Code   RO          746    i.AT24C16_Check     at24c16.o
    0x00002fd8   0x0000004a   Code   RO          748    i.AT24C16_ReadOneByte  at24c16.o
    0x00003022   0x00000042   Code   RO          749    i.AT24C16_WriteOneByte  at24c16.o
    0x00003064   0x00000038   Code   RO         1609    i.Board_Debug_Init  board_nxp_lpcxpresso_11c24.lib(board.o)
    0x0000309c   0x00000020   Code   RO         1610    i.Board_Init        board_nxp_lpcxpresso_11c24.lib(board.o)
    0x000030bc   0x00000038   Code   RO         1490    i.Board_SystemInit  board_nxp_lpcxpresso_11c24.lib(board_sysinit.o)
    0x000030f4   0x00000014   Code   RO         1615    i.Board_UARTPutChar  board_nxp_lpcxpresso_11c24.lib(board.o)
    0x00003108   0x00000064   Code   RO          476    i.CANSend_AMBESetSine  can.o
    0x0000316c   0x00000014   Code   RO          477    i.CAN_IRQHandler    can.o
    0x00003180   0x00000044   Code   RO          478    i.CAN_error         can.o
    0x000031c4   0x000000d0   Code   RO          479    i.CAN_init          can.o
    0x00003294   0x0000005c   Code   RO          480    i.CAN_reset         can.o
    0x000032f0   0x00000038   Code   RO          481    i.CAN_rx            can.o
    0x00003328   0x0000000c   Code   RO          482    i.CAN_tx            can.o
    0x00003334   0x0000004c   Code   RO          844    i.CRC32             bspiapdriver.o
    0x00003380   0x00000038   Code   RO         1018    i.Chip_Clock_GetMainClockRate  chip_11cxx_lib.lib(clock_11xx.o)
    0x000033b8   0x00000014   Code   RO         1019    i.Chip_Clock_GetSystemClockRate  chip_11cxx_lib.lib(clock_11xx.o)
    0x000033cc   0x00000028   Code   RO         1020    i.Chip_Clock_GetSystemPLLInClockRate  chip_11cxx_lib.lib(clock_11xx.o)
    0x000033f4   0x00000018   Code   RO         1021    i.Chip_Clock_GetSystemPLLOutClockRate  chip_11cxx_lib.lib(clock_11xx.o)
    0x0000340c   0x00000024   Code   RO         1022    i.Chip_Clock_GetWDTOSCRate  chip_11cxx_lib.lib(clock_11xx.o)
    0x00003430   0x00000014   Code   RO         1024    i.Chip_Clock_SetMainClockSource  chip_11cxx_lib.lib(clock_11xx.o)
    0x00003444   0x00000014   Code   RO         1026    i.Chip_Clock_SetSystemPLLSource  chip_11cxx_lib.lib(clock_11xx.o)
    0x00003458   0x0000001c   Code   RO            3    i.Chip_GPIO_GetPinState  main.o
    0x00003474   0x0000001c   Code   RO          229    i.Chip_GPIO_GetPinState  ambe.o
    0x00003490   0x0000001c   Code   RO          367    i.Chip_GPIO_GetPinState  speak.o
    0x000034ac   0x0000001c   Code   RO          581    i.Chip_GPIO_GetPinState  dataio.o
    0x000034c8   0x00000010   Code   RO         1432    i.Chip_GPIO_Init    chip_11cxx_lib.lib(gpio_11xx_2.o)
    0x000034d8   0x00000022   Code   RO          230    i.Chip_GPIO_SetPinDIRInput  ambe.o
    0x000034fa   0x00000022   Code   RO          368    i.Chip_GPIO_SetPinDIRInput  speak.o
    0x0000351c   0x00000022   Code   RO          582    i.Chip_GPIO_SetPinDIRInput  dataio.o
    0x0000353e   0x00000022   Code   RO          231    i.Chip_GPIO_SetPinDIROutput  ambe.o
    0x00003560   0x00000022   Code   RO          369    i.Chip_GPIO_SetPinDIROutput  speak.o
    0x00003582   0x00000022   Code   RO          583    i.Chip_GPIO_SetPinDIROutput  dataio.o
    0x000035a4   0x00000014   Code   RO          232    i.Chip_GPIO_SetPinState  ambe.o
    0x000035b8   0x00000014   Code   RO          370    i.Chip_GPIO_SetPinState  speak.o
    0x000035cc   0x00000014   Code   RO          584    i.Chip_GPIO_SetPinState  dataio.o
    0x000035e0   0x0000001c   Code   RO         1173    i.Chip_I2C_EventHandler  chip_11cxx_lib.lib(i2c_11xx.o)
    0x000035fc   0x00000028   Code   RO         1177    i.Chip_I2C_Init     chip_11cxx_lib.lib(i2c_11xx.o)
    0x00003624   0x0000002c   Code   RO         1185    i.Chip_I2C_SetClockRate  chip_11cxx_lib.lib(i2c_11xx.o)
    0x00003650   0x00000006   Code   RO          233    i.Chip_IOCON_PinMuxSet  ambe.o
    0x00003656   0x00000006   Code   RO          371    i.Chip_IOCON_PinMuxSet  speak.o
    0x0000365c   0x00000006   Code   RO          751    i.Chip_IOCON_PinMuxSet  at24c16.o
    0x00003662   0x00000002   PAD
    0x00003664   0x00000018   Code   RO         1334    i.Chip_SYSCTL_PowerDown  chip_11cxx_lib.lib(sysctl_11xx.o)
    0x0000367c   0x00000018   Code   RO         1335    i.Chip_SYSCTL_PowerUp  chip_11cxx_lib.lib(sysctl_11xx.o)
    0x00003694   0x00000024   Code   RO         1738    i.Chip_UART_Init    chip_11cxx_lib.lib(uart_11xx.o)
    0x000036b8   0x0000001c   Code   RO         1743    i.Chip_UART_Send    chip_11cxx_lib.lib(uart_11xx.o)
    0x000036d4   0x00000024   Code   RO         1744    i.Chip_UART_SendBlocking  chip_11cxx_lib.lib(uart_11xx.o)
    0x000036f8   0x00000038   Code   RO         1746    i.Chip_UART_SetBaud  chip_11cxx_lib.lib(uart_11xx.o)
    0x00003730   0x000000a4   Code   RO          585    i.D18V_State        dataio.o
    0x000037d4   0x00000026   Code   RO          234    i.Delay             ambe.o
    0x000037fa   0x00000002   PAD
    0x000037fc   0x00000094   Code   RO            4    i.Device_Init       main.o
    0x00003890   0x0000001a   Code   RO          372    i.Get_Key1          speak.o
    0x000038aa   0x0000001a   Code   RO          373    i.Get_Key2          speak.o
    0x000038c4   0x0000004e   Code   RO          586    i.Gpio_Init         dataio.o
    0x00003912   0x00000002   PAD
    0x00003914   0x00000038   Code   RO            5    i.HardFault_Handler  main.o
    0x0000394c   0x0000001e   Code   RO          752    i.I2C_Recieve_Byte  at24c16.o
    0x0000396a   0x0000001e   Code   RO          753    i.I2C_Send_Byte     at24c16.o
    0x00003988   0x00000026   Code   RO          754    i.I2C_Send_Start    at24c16.o
    0x000039ae   0x00000024   Code   RO          755    i.I2C_Stop          at24c16.o
    0x000039d2   0x00000002   PAD
    0x000039d4   0x00000048   Code   RO          756    i.Init_I2C_PinMux   at24c16.o
    0x00003a1c   0x0000001c   Code   RO          587    i.JDQ_State_Close   dataio.o
    0x00003a38   0x0000001c   Code   RO          588    i.JDQ_State_Open    dataio.o
    0x00003a54   0x00000012   Code   RO          374    i.Led_OFF           speak.o
    0x00003a66   0x00000012   Code   RO          375    i.Led_ON            speak.o
    0x00003a78   0x00000012   Code   RO          376    i.Mute_OFF          speak.o
    0x00003a8a   0x00000012   Code   RO          377    i.Mute_ON           speak.o
    0x00003a9c   0x00000010   Code   RO          590    i.POWEROFF_State_Close  dataio.o
    0x00003aac   0x00000010   Code   RO          591    i.POWEROFF_State_Open  dataio.o
    0x00003abc   0x00000100   Code   RO          235    i.ParalleGet        ambe.o
    0x00003bbc   0x0000018a   Code   RO          236    i.ParallelSet       ambe.o
    0x00003d46   0x00000002   PAD
    0x00003d48   0x00000120   Code   RO          237    i.PinInit           ambe.o
    0x00003e68   0x00000018   Code   RO          845    i.ReadUID           bspiapdriver.o
    0x00003e80   0x000000c4   Code   RO          378    i.SBoard_Init       speak.o
    0x00003f44   0x00000070   Code   RO          379    i.Set_Charge        speak.o
    0x00003fb4   0x00000070   Code   RO          380    i.Set_Volume        speak.o
    0x00004024   0x00000012   Code   RO          381    i.Sine_Close        speak.o
    0x00004036   0x00000016   Code   RO          382    i.Sine_Open         speak.o
    0x0000404c   0x000000f4   Code   RO            6    i.SysTick_Handler   main.o
    0x00004140   0x00000010   Code   RO         1404    i.SystemCoreClockUpdate  chip_11cxx_lib.lib(chip_11xx.o)
    0x00004150   0x00000008   Code   RO          991    i.SystemInit        sysinit.o
    0x00004158   0x0000005c   Code   RO         1491    i.SystemSetupClocking  board_nxp_lpcxpresso_11c24.lib(board_sysinit.o)
    0x000041b4   0x00000050   Code   RO          668    i.TIM16B0_INT_init  t16b0.o
    0x00004204   0x00000320   Code   RO          669    i.TIMER16_0_IRQHandler  t16b0.o
    0x00004524   0x00000024   Code   RO          846    i.UIdRead           bspiapdriver.o
    0x00004548   0x0000001a   Code   RO         1323    i.__ARM_common_switch8  chip_11cxx_lib.lib(i2c_11xx.o)
    0x00004562   0x00000002   PAD
    0x00004564   0x00000078   Code   RO            7    i.__NVIC_SetPriority  main.o
    0x000045dc   0x00000002   Code   RO         1617    i._sys_exit         board_nxp_lpcxpresso_11c24.lib(board.o)
    0x000045de   0x00000002   PAD
    0x000045e0   0x00000028   Code   RO          483    i.baudrateCalculate  can.o
    0x00004608   0x000000b0   Code   RO          484    i.can_data_send     can.o
    0x000046b8   0x000003b8   Code   RO          486    i.can_rcv           can.o
    0x00004a70   0x00000058   Code   RO          487    i.can_send          can.o
    0x00004ac8   0x0000001e   Code   RO          757    i.delay_24c16       at24c16.o
    0x00004ae6   0x00000006   Code   RO         1619    i.ferror            board_nxp_lpcxpresso_11c24.lib(board.o)
    0x00004aec   0x0000000c   Code   RO         1621    i.fputc             board_nxp_lpcxpresso_11c24.lib(board.o)
    0x00004af8   0x00000022   Code   RO          758    i.i2c_app_init      at24c16.o
    0x00004b1a   0x00000002   PAD
    0x00004b1c   0x00001084   Code   RO            8    i.main              main.o
    0x00005ba0   0x0000000a   Code   RO          759    i.startMasterSetarp  at24c16.o
    0x00005baa   0x00000002   PAD
    0x00005bac   0x00000068   Code   RO         1957    x$fpl$drleqf        fz_ps.l(drlef.o)
    0x00005c14   0x000000b0   Code   RO         1968    x$fpl$fmul          fz_ps.l(fmul.o)
    0x00005cc4   0x00000000   Code   RO         1984    x$fpl$usenofp       fz_ps.l(usenofp.o)
    0x00005cc4   0x000000b0   Data   RO          239    .constdata          ambe.o
    0x00005d74   0x00000020   Data   RO          489    .constdata          can.o
    0x00005d94   0x00000400   Data   RO          856    .constdata          bspiapdriver.o
    0x00006194   0x00000040   Data   RO         1028    .constdata          chip_11cxx_lib.lib(clock_11xx.o)
    0x000061d4   0x00000028   Data   RO         1492    .constdata          board_nxp_lpcxpresso_11c24.lib(board_sysinit.o)
    0x000061fc   0x00000004   Data   RO         1622    .constdata          board_nxp_lpcxpresso_11c24.lib(board.o)
    0x00006200   0x00000028   Data   RO         1901    .constdata          c_p.l(_printf_hex_int.o)
    0x00006228   0x00000040   Data   RO         1962    .constdata          fz_ps.l(fdiv.o)
    0x00006268   0x00000060   Data   RO           10    .conststring        main.o
    0x000062c8   0x00000020   Data   RO         2153    Region$$Table       anon$$obj.o


    Execution Region RW_IRAM1 (Base: 0x100000f0, Size: 0x000006c0, Max: 0x00001f10, ABSOLUTE)

    Base Addr    Size         Type   Attr      Idx    E Section Name        Object

    0x100000f0   0x00000021   Data   RW           11    .data               main.o
    0x10000111   0x00000001   PAD
    0x10000112   0x00000002   Data   RW          240    .data               ambe.o
    0x10000114   0x0000002c   Data   RW          490    .data               can.o
    0x10000140   0x00000008   Data   RW          592    .data               dataio.o
    0x10000148   0x00000014   Data   RW          670    .data               t16b0.o
    0x1000015c   0x00000005   Data   RW          716    .data               adc.o
    0x10000161   0x00000003   PAD
    0x10000164   0x00000004   Data   RW          857    .data               bspiapdriver.o
    0x10000168   0x00000001   Data   RW          933    .data               watchdog.o
    0x10000169   0x00000003   PAD
    0x1000016c   0x0000001c   Data   RW         1196    .data               chip_11cxx_lib.lib(i2c_11xx.o)
    0x10000188   0x00000004   Data   RW         1405    .data               chip_11cxx_lib.lib(chip_11xx.o)
    0x1000018c   0x00000004   Data   RW         1624    .data               board_nxp_lpcxpresso_11c24.lib(board.o)
    0x10000190   0x00000014   Zero   RW            9    .bss                main.o
    0x100001a4   0x00000044   Zero   RW          238    .bss                ambe.o
    0x100001e8   0x00000028   Zero   RW          488    .bss                can.o
    0x10000210   0x00000040   Zero   RW          855    .bss                bspiapdriver.o
    0x10000250   0x00000060   Zero   RW         2028    .bss                c_p.l(libspace.o)
    0x100002b0   0x00000200   Zero   RW         1010    HEAP                keil_startup_lpc11xx.o
    0x100004b0   0x00000300   Zero   RW         1009    STACK               keil_startup_lpc11xx.o


==============================================================================

Image component sizes


      Code (inc. data)   RO Data    RW Data    ZI Data      Debug   Object Name

       328         48          0          5          0       8383   adc.o
      1666         56        176          2         68      18526   ambe.o
       538         20          0          0          0      10879   at24c16.o
       136         22       1024          4         64       2731   bspiapdriver.o
      1812        282         32         44         40      18269   can.o
       446         26          0          8          0       5517   dataio.o
        68         28        192          0       1280        888   keil_startup_lpc11xx.o
      4824        598         96         33         20      36371   main.o
       706          4          0          0          0       7827   speak.o
         8          0          0          0          0        445   sysinit.o
       880        114          0         20          0      17175   t16b0.o
         0          0          0          1          0        253   watchdog.o

    ----------------------------------------------------------------------
     11426       1198       1552        124       1472     127264   Object Totals
         0          0         32          0          0          0   (incl. Generated)
        14          0          0          7          0          0   (incl. Padding)

    ----------------------------------------------------------------------

      Code (inc. data)   RO Data    RW Data    ZI Data      Debug   Library Member Name

       128         22          4          4          0      14781   board.o
       148         22         40          0          0      11171   board_sysinit.o
         8          0          0          0          0         68   __main.o
       108          0          0          0          0         76   __printf.o
         0          0          0          0          0          0   __rtentry.o
        12          0          0          0          0          0   __rtentry2.o
         6          0          0          0          0          0   __rtentry4.o
        60          8          0          0          0          0   __scatter.o
        26          0          0          0          0          0   __scatter_copy.o
        28          0          0          0          0          0   __scatter_zi.o
        48          6          0          0          0         88   _printf_char_common.o
        40          6          0          0          0         72   _printf_char_file.o
        10          0          0          0          0          0   _printf_d.o
       108         18          0          0          0         76   _printf_dec.o
        88          4         40          0          0         72   _printf_hex_int.o
       176          0          0          0          0         84   _printf_intcommon.o
         2          0          0          0          0          0   _printf_percent.o
         4          0          0          0          0          0   _printf_percent_end.o
        10          0          0          0          0          0   _printf_x.o
       346          0          0          0          0         92   aeabi_sdiv.o
        16          0          0          0          0         68   exit.o
         6          0          0          0          0        136   heapauxi.o
         2          0          0          0          0          0   libinit.o
         2          0          0          0          0          0   libinit2.o
         2          0          0          0          0          0   libshutdown.o
         2          0          0          0          0          0   libshutdown2.o
         8          4          0          0         96         68   libspace.o
        28          6          0          0          0         84   noretval__2printf.o
        56          0          0          0          0         68   rt_memcpy.o
         2          0          0          0          0          0   rtexit.o
        10          0          0          0          0          0   rtexit2.o
        40          0          0          0          0         60   rtudiv10.o
        62          0          0          0          0         80   sys_stackheap_outer.o
        16          4          0          4          0        638   chip_11xx.o
       216         48         64          0          0      13204   clock_11xx.o
        16          4          0          0          0       3673   gpio_11xx_2.o
       138         18          0         28          0       5708   i2c_11xx.o
        48          8          0          0          0        882   sysctl_11xx.o
       156          6          0          0          0      12340   uart_11xx.o
        46          0          0          0          0         60   cmpret.o
       144          4          0          0          0         76   dcmpin.o
       584         26          0          0          0         84   dmul.o
        20          6          0          0          0         68   dnan2.o
       104          4          0          0          0        104   drlef.o
        84          4          0          0          0         60   f2d.o
       352         10         64          0          0         92   fdiv.o
        48          0          0          0          0         60   ffixui.o
        94          0          0          0          0         92   fflti.o
       176          4          0          0          0         80   fmul.o
        94          0          0          0          0         68   retnan.o
         0          0          0          0          0          0   usenofp.o

    ----------------------------------------------------------------------
      3938        242        212         36         96      64433   Library Totals
        10          0          0          0          0          0   (incl. Padding)

    ----------------------------------------------------------------------

      Code (inc. data)   RO Data    RW Data    ZI Data      Debug   Library Name

       276         44         44          4          0      25952   board_nxp_lpcxpresso_11c24.lib
      1316         52         40          0         96       1192   c_p.l
       590         88         64         32          0      36445   chip_11cxx_lib.lib
      1746         58         64          0          0        844   fz_ps.l

    ----------------------------------------------------------------------
      3938        242        212         36         96      64433   Library Totals

    ----------------------------------------------------------------------

==============================================================================


      Code (inc. data)   RO Data    RW Data    ZI Data      Debug   

     15364       1440       1764        160       1568     186301   Grand Totals
     15364       1440       1764        160       1568     186301   ELF Image Totals
     15364       1440       1764        160          0          0   ROM Totals

==============================================================================

    Total RO  Size (Code + RO Data)                17128 (  16.73kB)
    Total RW  Size (RW Data + ZI Data)              1728 (   1.69kB)
    Total ROM Size (Code + RO Data + RW Data)      17288 (  16.88kB)

==============================================================================

