<html>
<body>
<pre>
<h1>礦ision Build Log</h1>
<h2>Tool Versions:</h2>
IDE-Version: μVision V5.23.0.0
Copyright (C) 2017 ARM Ltd and ARM Germany GmbH. All rights reserved.
License Information: zhu mingxun, 123, LIC=21E2Z-JJHYE-ML8CI-TAUMC-TW5Z8-PS2FM
 
Tool Versions:
Toolchain:       MDK-ARM Plus  Version: 5.23
Toolchain Path:  C:\Keil_v5\ARM\ARMCC\Bin
C Compiler:      Armcc.exe V5.06 update 4 (build 422)
Assembler:       Armasm.exe V5.06 update 4 (build 422)
Linker/Locator:  ArmLink.exe V5.06 update 4 (build 422)
Library Manager: ArmAr.exe V5.06 update 4 (build 422)
Hex Converter:   FromElf.exe V5.06 update 4 (build 422)
CPU DLL:         SARMCM3.DLL V5.23
Dialog DLL:      DARMCM1.DLL V1.17.0.0
Target DLL:      Segger\JL2CM3.dll V2.99.23.0
Dialog DLL:      TARMP1.DLL V1.26.0.0
 
<h2>Project:</h2>
C:\Users\zhumx\Desktop\Emergency Stop Program - kws\project\newBS.uvprojx
Project File Date:  05/18/2018

<h2>Output:</h2>
*** Using Compiler 'V5.06 update 4 (build 422)', folder: 'C:\Keil_v5\ARM\ARMCC\Bin'
Rebuild target 'newBS'
compiling system.c...
compiling ambe.c...
compiling main.c...
..\src\user_application\main.c(844): warning:  #513-D: a value of type "uint8_t *" cannot be assigned to an entity of type "char *"
  						p=&can_sound_buf[2];//语音播放数据指针直接指向语音数据区
..\src\user_application\main.c(77): warning:  #177-D: variable "key_count"  was declared but never referenced
  	uint8_t key_count;		 //按键次数统计变量,用于分析是不是有人在这儿操作，进一步实现在电力不够的情况下降低播放功耗
..\src\user_application\main.c: 2 warnings, 0 errors
compiling speak.c...
compiling can.c...
..\src\device\can.c(379): warning:  #550-D: variable "CAN_RD_ID1"  was set but never used
  	uint32_t CAN_RD_ID1;
..\src\device\can.c(380): warning:  #177-D: variable "msg_obj_s"  was declared but never referenced
  	CCAN_MSG_OBJ_T msg_obj_s;
..\src\device\can.c: 2 warnings, 0 errors
compiling t16b0.c...
compiling dataio.c...
compiling BspIapDriver.c...
compiling adc.c...
compiling AT24C16.c...
compiling watchDog.c...
assembling keil_startup_lpc11xx.s...
compiling sysinit.c...
linking...
Program Size: Code=15300 RO-data=1764 RW-data=160 ZI-data=1568  
FromELF: creating hex file...
After Build - User command #1: C:\Keil_v5\ARM\ARMCC\bin\fromelf.exe --bin -o bs_fw.bin objects\newBS.axf
".\Objects\newBS.axf" - 0 Error(s), 4 Warning(s).

<h2>Software Packages used:</h2>

Package Vendor: ARM
                http://www.keil.com/pack/ARM.CMSIS.5.0.1.pack
                ARM::CMSIS:CORE:5.0.1
                CMSIS (Cortex Microcontroller Software Interface Standard)
   * Component: CORE Version: 5.0.1

<h2>Collection of Component include folders:</h2>
  .\RTE\_newBS
  C:\Keil_v5\ARM\PACK\ARM\CMSIS\5.0.1\CMSIS\Include
  C:\Keil_v5\ARM\PACK\Keil\LPC1100_DFP\1.4.0\Device\Include\LPC11xx

<h2>Collection of Component Files used:</h2>

   * Component: ARM::CMSIS:CORE:5.0.1
Build Time Elapsed:  00:00:04
</pre>
</body>
</html>
